Archive member included to satisfy reference by file (symbol)

/usr/local/mcuxpressoide-25.6.136/ide/plugins/com.nxp.mcuxpresso.tools.linux_25.6.0.202501151204/tools/bin/../lib/gcc/arm-none-eabi/14.2.1/../../../../arm-none-eabi/lib/thumb/v8-m.main+fp/hard/libcr_nohost_nf.a(_cr__main.o)
                              ./startup/startup_mcxn947_cm33_core0.o (__main)
/usr/local/mcuxpressoide-25.6.136/ide/plugins/com.nxp.mcuxpresso.tools.linux_25.6.0.202501151204/tools/bin/../lib/gcc/arm-none-eabi/14.2.1/../../../../arm-none-eabi/lib/thumb/v8-m.main+fp/hard/libcr_c.a(memcpy.o)
                              ./utilities/str/fsl_str.o (memcpy)
/usr/local/mcuxpressoide-25.6.136/ide/plugins/com.nxp.mcuxpresso.tools.linux_25.6.0.202501151204/tools/bin/../lib/gcc/arm-none-eabi/14.2.1/../../../../arm-none-eabi/lib/thumb/v8-m.main+fp/hard/libcr_c.a(memset.o)
                              ./utilities/debug_console/fsl_debug_console.o (memset)
/usr/local/mcuxpressoide-25.6.136/ide/plugins/com.nxp.mcuxpresso.tools.linux_25.6.0.202501151204/tools/bin/../lib/gcc/arm-none-eabi/14.2.1/../../../../arm-none-eabi/lib/thumb/v8-m.main+fp/hard/libcr_c.a(alloc.o)
                              ./drivers/fsl_common.o (malloc)
/usr/local/mcuxpressoide-25.6.136/ide/plugins/com.nxp.mcuxpresso.tools.linux_25.6.0.202501151204/tools/bin/../lib/gcc/arm-none-eabi/14.2.1/../../../../arm-none-eabi/lib/thumb/v8-m.main+fp/hard/libcr_c.a(errno.o)
                              ./utilities/str/fsl_str.o (errno)
/usr/local/mcuxpressoide-25.6.136/ide/plugins/com.nxp.mcuxpresso.tools.linux_25.6.0.202501151204/tools/bin/../lib/gcc/arm-none-eabi/14.2.1/../../../../arm-none-eabi/lib/thumb/v8-m.main+fp/hard/libcr_c.a(initio.o)
                              /usr/local/mcuxpressoide-25.6.136/ide/plugins/com.nxp.mcuxpresso.tools.linux_25.6.0.202501151204/tools/bin/../lib/gcc/arm-none-eabi/14.2.1/../../../../arm-none-eabi/lib/thumb/v8-m.main+fp/hard/libcr_nohost_nf.a(_cr__main.o) (_initio)
/usr/local/mcuxpressoide-25.6.136/ide/plugins/com.nxp.mcuxpresso.tools.linux_25.6.0.202501151204/tools/bin/../lib/gcc/arm-none-eabi/14.2.1/../../../../arm-none-eabi/lib/thumb/v8-m.main+fp/hard/libcr_c.a(printf.o)
                              ./source/MCXN947_Led_Blink_Board_Template.o (_printf)
/usr/local/mcuxpressoide-25.6.136/ide/plugins/com.nxp.mcuxpresso.tools.linux_25.6.0.202501151204/tools/bin/../lib/gcc/arm-none-eabi/14.2.1/../../../../arm-none-eabi/lib/thumb/v8-m.main+fp/hard/libcr_c.a(scanf.o)
                              ./utilities/str/fsl_str.o (strtoul)
/usr/local/mcuxpressoide-25.6.136/ide/plugins/com.nxp.mcuxpresso.tools.linux_25.6.0.202501151204/tools/bin/../lib/gcc/arm-none-eabi/14.2.1/../../../../arm-none-eabi/lib/thumb/v8-m.main+fp/hard/libcr_c.a(setvbuf.o)
                              /usr/local/mcuxpressoide-25.6.136/ide/plugins/com.nxp.mcuxpresso.tools.linux_25.6.0.202501151204/tools/bin/../lib/gcc/arm-none-eabi/14.2.1/../../../../arm-none-eabi/lib/thumb/v8-m.main+fp/hard/libcr_c.a(initio.o) (setvbuf)
/usr/local/mcuxpressoide-25.6.136/ide/plugins/com.nxp.mcuxpresso.tools.linux_25.6.0.202501151204/tools/bin/../lib/gcc/arm-none-eabi/14.2.1/../../../../arm-none-eabi/lib/thumb/v8-m.main+fp/hard/libcr_c.a(strlen.o)
                              ./utilities/str/fsl_str.o (strlen)
/usr/local/mcuxpressoide-25.6.136/ide/plugins/com.nxp.mcuxpresso.tools.linux_25.6.0.202501151204/tools/bin/../lib/gcc/arm-none-eabi/14.2.1/../../../../arm-none-eabi/lib/thumb/v8-m.main+fp/hard/libcr_c.a(ungetc.o)
                              /usr/local/mcuxpressoide-25.6.136/ide/plugins/com.nxp.mcuxpresso.tools.linux_25.6.0.202501151204/tools/bin/../lib/gcc/arm-none-eabi/14.2.1/../../../../arm-none-eabi/lib/thumb/v8-m.main+fp/hard/libcr_c.a(scanf.o) (ungetc)
/usr/local/mcuxpressoide-25.6.136/ide/plugins/com.nxp.mcuxpresso.tools.linux_25.6.0.202501151204/tools/bin/../lib/gcc/arm-none-eabi/14.2.1/../../../../arm-none-eabi/lib/thumb/v8-m.main+fp/hard/libcr_c.a(__fillbuf.o)
                              /usr/local/mcuxpressoide-25.6.136/ide/plugins/com.nxp.mcuxpresso.tools.linux_25.6.0.202501151204/tools/bin/../lib/gcc/arm-none-eabi/14.2.1/../../../../arm-none-eabi/lib/thumb/v8-m.main+fp/hard/libcr_c.a(scanf.o) (__filbuf)
/usr/local/mcuxpressoide-25.6.136/ide/plugins/com.nxp.mcuxpresso.tools.linux_25.6.0.202501151204/tools/bin/../lib/gcc/arm-none-eabi/14.2.1/../../../../arm-none-eabi/lib/thumb/v8-m.main+fp/hard/libcr_c.a(__init_alloc.o)
                              /usr/local/mcuxpressoide-25.6.136/ide/plugins/com.nxp.mcuxpresso.tools.linux_25.6.0.202501151204/tools/bin/../lib/gcc/arm-none-eabi/14.2.1/../../../../arm-none-eabi/lib/thumb/v8-m.main+fp/hard/libcr_c.a(alloc.o) (__heaps)
/usr/local/mcuxpressoide-25.6.136/ide/plugins/com.nxp.mcuxpresso.tools.linux_25.6.0.202501151204/tools/bin/../lib/gcc/arm-none-eabi/14.2.1/../../../../arm-none-eabi/lib/thumb/v8-m.main+fp/hard/libcr_c.a(_cr_sbrk.o)
[...]
Memory Configuration

Name             Origin             Length             Attributes
PROGRAM_FLASH0   0x00000000         0x00100000         xr
PROGRAM_FLASH1   0x00100000         0x00100000         xr
SRAM             0x20000000         0x00060000         xrw
SRAMX            0x04000000         0x00018000         xrw
SRAMH            0x20060000         0x00008000         xrw
USB_RAM          0x400ba000         0x00001000         xrw
*default*        0x00000000         0xffffffff

Linker script and memory map

LOAD ./utilities/str/fsl_str.o
LOAD ./utilities/debug_console/fsl_debug_console.o
LOAD ./utilities/fsl_assert.o
LOAD ./startup/boot_multicore_slave.o
LOAD ./startup/startup_mcxn947_cm33_core0.o
LOAD ./source/MCXN947_Led_Blink_Board_Template.o
LOAD ./source/semihost_hardfault.o
LOAD ./drivers/fsl_clock.o
LOAD ./drivers/fsl_common.o
LOAD ./drivers/fsl_common_arm.o
LOAD ./drivers/fsl_gpio.o
LOAD ./drivers/fsl_lpflexcomm.o
LOAD ./drivers/fsl_lpi2c.o
LOAD ./drivers/fsl_lpspi.o
LOAD ./drivers/fsl_lpuart.o
LOAD ./drivers/fsl_reset.o
LOAD ./drivers/fsl_spc.o
LOAD ./device/system_MCXN947_cm33_core0.o
LOAD ./component/uart/fsl_adapter_lpuart.o
LOAD ./component/serial_manager/fsl_component_serial_manager.o
LOAD ./component/serial_manager/fsl_component_serial_port_uart.o
LOAD ./component/lists/fsl_component_generic_list.o
LOAD ./board/board.o
LOAD ./board/clock_config.o
LOAD ./board/peripherals.o
LOAD ./board/pin_mux.o
START GROUP
LOAD /usr/local/mcuxpressoide-25.6.136/ide/plugins/com.nxp.mcuxpresso.tools.linux_25.6.0.202501151204/tools/bin/../lib/gcc/arm-none-eabi/14.2.1/../../../../arm-none-eabi/lib/thumb/v8-m.main+fp/hard/libcr_nohost_nf.a
LOAD /usr/local/mcuxpressoide-25.6.136/ide/plugins/com.nxp.mcuxpresso.tools.linux_25.6.0.202501151204/tools/bin/../lib/gcc/arm-none-eabi/14.2.1/../../../../arm-none-eabi/lib/thumb/v8-m.main+fp/hard/libcr_c.a
LOAD /usr/local/mcuxpressoide-25.6.136/ide/plugins/com.nxp.mcuxpresso.tools.linux_25.6.0.202501151204/tools/bin/../lib/gcc/arm-none-eabi/14.2.1/thumb/v8-m.main+fp/hard/libcr_eabihelpers.a
LOAD /usr/local/mcuxpressoide-25.6.136/ide/plugins/com.nxp.mcuxpresso.tools.linux_25.6.0.202501151204/tools/bin/../lib/gcc/arm-none-eabi/14.2.1/thumb/v8-m.main+fp/hard/libgcc.a
END GROUP
                0x00000000                        __base_PROGRAM_FLASH0 = 0x0
                0x00000000                        __base_Flash = 0x0
                0x00100000                        __top_PROGRAM_FLASH0 = 0x100000
                0x00100000                        __top_Flash = 0x100000
                0x00100000                        __base_PROGRAM_FLASH1 = 0x100000
                0x00100000                        __base_Flash2 = 0x100000
                0x00200000                        __top_PROGRAM_FLASH1 = 0x200000
                0x00200000                        __top_Flash2 = 0x200000
                0x20000000                        __base_SRAM = 0x20000000
                0x20000000                        __base_RAM = 0x20000000
                0x20060000                        __top_SRAM = 0x20060000
                0x20060000                        __top_RAM = 0x20060000
                0x04000000                        __base_SRAMX = 0x4000000
                0x04000000                        __base_RAM2 = 0x4000000
                0x04018000                        __top_SRAMX = 0x4018000
                0x04018000                        __top_RAM2 = 0x4018000
                0x20060000                        __base_SRAMH = 0x20060000
                0x20060000                        __base_RAM3 = 0x20060000
                0x20068000                        __top_SRAMH = 0x20068000
                0x20068000                        __top_RAM3 = 0x20068000
                0x400ba000                        __base_USB_RAM = 0x400ba000
                0x400ba000                        __base_RAM4 = 0x400ba000
                0x400bb000                        __top_USB_RAM = 0x400bb000
                0x400bb000                        __top_RAM4 = 0x400bb000

.text_Flash2    0x00100000        0x0
 FILL mask 0xff
 *(SORT_BY_ALIGNMENT(.text_Flash2))
 *(SORT_BY_ALIGNMENT(.text_PROGRAM_FLASH1))
 *(SORT_BY_ALIGNMENT(.text.$Flash2))
 *(SORT_BY_ALIGNMENT(.text.$PROGRAM_FLASH1))
 *(SORT_BY_ALIGNMENT(.text_Flash2.*))
 *(SORT_BY_ALIGNMENT(.text_PROGRAM_FLASH1.*))
 *(SORT_BY_ALIGNMENT(.text.$Flash2.*))
 *(SORT_BY_ALIGNMENT(.text.$PROGRAM_FLASH1.*))
 *(SORT_BY_ALIGNMENT(.rodata.$Flash2))
 *(SORT_BY_ALIGNMENT(.rodata.$PROGRAM_FLASH1))
 *(SORT_BY_ALIGNMENT(.rodata.$Flash2.*))
 *(SORT_BY_ALIGNMENT(.rodata.$PROGRAM_FLASH1.*))

.text           0x00000000     0x36b4
 FILL mask 0xff
                0x00000000                        __vectors_start__ = ABSOLUTE (.)
 *(SORT_BY_ALIGNMENT(.isr_vector))
 .isr_vector    0x00000000      0x2b0 ./startup/startup_mcxn947_cm33_core0.o
                0x00000000                __Vectors
                0x00000000                g_pfnVectors
                0x000002b0                        . = ALIGN (0x4)
                0x000002b0                        __section_table_start = .
                0x000002b0                        __data_section_table = .
                0x000002b0        0x4 LONG 0x36b4 LOADADDR (.data)
                0x000002b4        0x4 LONG 0x20000000 ADDR (.data)
                0x000002b8        0x4 LONG 0xc SIZEOF (.data)
                0x000002bc        0x4 LONG 0x36b4 LOADADDR (.data_RAM2)
                0x000002c0        0x4 LONG 0x4000000 ADDR (.data_RAM2)
                0x000002c4        0x4 LONG 0x0 SIZEOF (.data_RAM2)
                0x000002c8        0x4 LONG 0x36b4 LOADADDR (.data_RAM3)
                0x000002cc        0x4 LONG 0x20060000 ADDR (.data_RAM3)
                0x000002d0        0x4 LONG 0x0 SIZEOF (.data_RAM3)
                0x000002d4        0x4 LONG 0x36b4 LOADADDR (.data_RAM4)
                0x000002d8        0x4 LONG 0x400ba000 ADDR (.data_RAM4)
                0x000002dc        0x4 LONG 0x0 SIZEOF (.data_RAM4)
                0x000002e0                        __data_section_table_end = .
                0x000002e0                        __bss_section_table = .
                0x000002e0        0x4 LONG 0x2000000c ADDR (.bss)
                0x000002e4        0x4 LONG 0x228 SIZEOF (.bss)
                0x000002e8        0x4 LONG 0x4000000 ADDR (.bss_RAM2)
                0x000002ec        0x4 LONG 0x0 SIZEOF (.bss_RAM2)
                0x000002f0        0x4 LONG 0x20060000 ADDR (.bss_RAM3)
                0x000002f4        0x4 LONG 0x0 SIZEOF (.bss_RAM3)
                0x000002f8        0x4 LONG 0x400ba000 ADDR (.bss_RAM4)
                0x000002fc        0x4 LONG 0x0 SIZEOF (.bss_RAM4)
                0x00000300                        __bss_section_table_end = .
                0x00000300                        __section_table_end = .
 *(SORT_BY_ALIGNMENT(.after_vectors*))
 .after_vectors.reset
                0x00000300       0x70 ./startup/startup_mcxn947_cm33_core0.o
                0x00000300                ResetISR
 .after_vectors.init_data
                0x00000370       0x1e ./startup/startup_mcxn947_cm33_core0.o
                0x00000370                data_init
 .after_vectors.init_bss
                0x0000038e       0x12 ./startup/startup_mcxn947_cm33_core0.o
                0x0000038e                bss_init
 .after_vectors
                0x000003a0       0x16 ./startup/startup_mcxn947_cm33_core0.o
                0x000003a0                NMI_Handler
                0x000003a4                MemManage_Handler
                0x000003a6                BusFault_Handler
                0x000003a8                UsageFault_Handler
                0x000003aa                SecureFault_Handler
                0x000003ac                SVC_Handler
                0x000003ae                DebugMon_Handler
                0x000003b0                PendSV_Handler
                0x000003b2                SysTick_Handler
                0x000003b4                HSCMP1_DriverIRQHandler
                0x000003b4                EDMA_1_CH5_DriverIRQHandler
                0x000003b4                PINT0_DriverIRQHandler
                0x000003b4                WWDT1_DriverIRQHandler
                0x000003b4                EDMA_1_CH13_DriverIRQHandler
                0x000003b4                EMVSIM0_DriverIRQHandler
                0x000003b4                I3C0_DriverIRQHandler
                0x000003b4                USB0_FS_DriverIRQHandler
                0x000003b4                PKC_ERR_DriverIRQHandler
                0x000003b4                QDC1_HOME_DriverIRQHandler
                0x000003b4                EDMA_0_CH5_DriverIRQHandler
                0x000003b4                EDMA_0_CH14_DriverIRQHandler
                0x000003b4                EDMA_1_CH0_DriverIRQHandler
                0x000003b4                SCG_DriverIRQHandler
                0x000003b4                CMC0_DriverIRQHandler
                0x000003b4                EDMA_0_CH15_DriverIRQHandler
                0x000003b4                LPTMR0_DriverIRQHandler
                0x000003b4                EDMA_0_CH2_DriverIRQHandler
                0x000003b4                FLEXPWM1_SUBMODULE1_DriverIRQHandler
                0x000003b4                FLEXPWM0_SUBMODULE1_DriverIRQHandler
                0x000003b4                EDMA_1_CH11_DriverIRQHandler
                0x000003b4                FLEXPWM0_RELOAD_ERROR_DriverIRQHandler
                0x000003b4                QDC0_HOME_DriverIRQHandler
                0x000003b4                Reserved167_DriverIRQHandler
                0x000003b4                EDMA_1_CH9_DriverIRQHandler
                0x000003b4                SEC_VIO_DriverIRQHandler
                0x000003b4                ERM_MULTI_BIT_ERROR_DriverIRQHandler
                0x000003b4                GPIO31_DriverIRQHandler
                0x000003b4                EWM0_DriverIRQHandler
                0x000003b4                PKC_DriverIRQHandler
                0x000003b4                EDMA_0_CH10_DriverIRQHandler
                0x000003b4                USB1_HS_PHY_DriverIRQHandler
                0x000003b4                QDC0_IDX_DriverIRQHandler
                0x000003b4                ELS_DriverIRQHandler
                0x000003b4                Reserved166_DriverIRQHandler
                0x000003b4                EDMA_1_CH2_DriverIRQHandler
                0x000003b4                ETHERNET_DriverIRQHandler
                0x000003b4                QDC1_IDX_DriverIRQHandler
                0x000003b4                EDMA_1_CH14_DriverIRQHandler
                0x000003b4                FLEXPWM1_SUBMODULE3_DriverIRQHandler
                0x000003b4                EDMA_1_CH7_DriverIRQHandler
                0x000003b4                EDMA_1_CH6_DriverIRQHandler
                0x000003b4                DAC1_DriverIRQHandler
                0x000003b4                CTIMER2_DriverIRQHandler
                0x000003b4                ITRC0_DriverIRQHandler
                0x000003b4                EDMA_0_CH9_DriverIRQHandler
                0x000003b4                ETB0_DriverIRQHandler
                0x000003b4                Freqme_DriverIRQHandler
                0x000003b4                Reserved80_DriverIRQHandler
                0x000003b4                IntDefaultHandler
                0x000003b4                ELS_ERR_DriverIRQHandler
                0x000003b4                FLEXIO_DriverIRQHandler
                0x000003b4                DAC0_DriverIRQHandler
                0x000003b4                MRT0_DriverIRQHandler
                0x000003b4                UTICK0_DriverIRQHandler
                0x000003b4                FLEXPWM0_SUBMODULE2_DriverIRQHandler
                0x000003b4                GPIO01_DriverIRQHandler
                0x000003b4                EDMA_0_CH3_DriverIRQHandler
                0x000003b4                WWDT0_DriverIRQHandler
                0x000003b4                USDHC0_DriverIRQHandler
                0x000003b4                GPIO00_DriverIRQHandler
                0x000003b4                EDMA_0_CH4_DriverIRQHandler
                0x000003b4                GPIO11_DriverIRQHandler
                0x000003b4                CTIMER4_DriverIRQHandler
                0x000003b4                BSP32_DriverIRQHandler
                0x000003b4                FLEXPWM0_FAULT_DriverIRQHandler
                0x000003b4                EDMA_1_CH1_DriverIRQHandler
                0x000003b4                SAI1_DriverIRQHandler
                0x000003b4                ERM_SINGLE_BIT_ERROR_DriverIRQHandler
                0x000003b4                GPIO21_DriverIRQHandler
                0x000003b4                FLEXPWM1_FAULT_DriverIRQHandler
                0x000003b4                GPIO30_DriverIRQHandler
                0x000003b4                CTIMER0_DriverIRQHandler
                0x000003b4                CTIMER1_DriverIRQHandler
                0x000003b4                QDC0_COMPARE_DriverIRQHandler
                0x000003b4                ADC1_DriverIRQHandler
                0x000003b4                PQ_DriverIRQHandler
                0x000003b4                ETHERNET_MACLP_DriverIRQHandler
                0x000003b4                USB0_DCD_DriverIRQHandler
                0x000003b4                EDMA_0_CH11_DriverIRQHandler
                0x000003b4                MAILBOX_DriverIRQHandler
                0x000003b4                WUU_DriverIRQHandler
                0x000003b4                EDMA_0_CH6_DriverIRQHandler
                0x000003b4                CTIMER3_DriverIRQHandler
                0x000003b4                FLEXPWM1_SUBMODULE0_DriverIRQHandler
                0x000003b4                CDOG1_DriverIRQHandler
                0x000003b4                TSI_OUT_OF_SCAN_DriverIRQHandler
                0x000003b4                EDMA_1_CH4_DriverIRQHandler
                0x000003b4                PUF_DriverIRQHandler
                0x000003b4                SPC_DriverIRQHandler
                0x000003b4                RTC_DriverIRQHandler
                0x000003b4                VBAT0_DriverIRQHandler
                0x000003b4                Reserved65_DriverIRQHandler
                0x000003b4                HSCMP2_DriverIRQHandler
                0x000003b4                EDMA_0_CH0_DriverIRQHandler
                0x000003b4                PDM_EVENT_DriverIRQHandler
                0x000003b4                ETHERNET_PMT_DriverIRQHandler
                0x000003b4                FLEXPWM1_RELOAD_ERROR_DriverIRQHandler
                0x000003b4                FMU0_DriverIRQHandler
                0x000003b4                QDC1_COMPARE_DriverIRQHandler
                0x000003b4                EDMA_0_CH8_DriverIRQHandler
                0x000003b4                LPTMR1_DriverIRQHandler
                0x000003b4                GPIO40_DriverIRQHandler
                0x000003b4                CTI0_DriverIRQHandler
                0x000003b4                EDMA_1_CH3_DriverIRQHandler
                0x000003b4                EDMA_1_CH15_DriverIRQHandler
                0x000003b4                FLEXPWM1_SUBMODULE2_DriverIRQHandler
                0x000003b4                GPIO20_DriverIRQHandler
                0x000003b4                QDC1_WDG_SAB_DriverIRQHandler
                0x000003b4                EDMA_1_CH8_DriverIRQHandler
                0x000003b4                GDET_DriverIRQHandler
                0x000003b4                PORT_EFT_DriverIRQHandler
                0x000003b4                Reserved85_DriverIRQHandler
                0x000003b4                Reserved81_DriverIRQHandler
                0x000003b4                TSI_END_OF_SCAN_DriverIRQHandler
                0x000003b4                FLEXPWM0_SUBMODULE3_DriverIRQHandler
                0x000003b4                ADC0_DriverIRQHandler
                0x000003b4                OR_DriverIRQHandler
                0x000003b4                EDMA_0_CH13_DriverIRQHandler
                0x000003b4                USB1_HS_DriverIRQHandler
                0x000003b4                EDMA_0_CH1_DriverIRQHandler
                0x000003b4                DAC2_DriverIRQHandler
                0x000003b4                GPIO51_DriverIRQHandler
                0x000003b4                HSCMP0_DriverIRQHandler
                0x000003b4                EDMA_0_CH12_DriverIRQHandler
                0x000003b4                QDC0_WDG_SAB_DriverIRQHandler
                0x000003b4                CDOG0_DriverIRQHandler
                0x000003b4                CAN0_DriverIRQHandler
                0x000003b4                SMARTDMA_DriverIRQHandler
                0x000003b4                SAI0_DriverIRQHandler
                0x000003b4                EMVSIM1_DriverIRQHandler
                0x000003b4                I3C1_DriverIRQHandler
                0x000003b4                EDMA_0_CH7_DriverIRQHandler
                0x000003b4                EDMA_1_CH10_DriverIRQHandler
                0x000003b4                EDMA_1_CH12_DriverIRQHandler
                0x000003b4                FLEXSPI0_DriverIRQHandler
                0x000003b4                GPIO50_DriverIRQHandler
                0x000003b4                GPIO10_DriverIRQHandler
                0x000003b4                SCT0_DriverIRQHandler
                0x000003b4                CAN1_DriverIRQHandler
                0x000003b4                PLU_DriverIRQHandler
                0x000003b4                FLEXPWM0_SUBMODULE0_DriverIRQHandler
                0x000003b4                OS_EVENT_DriverIRQHandler
                0x000003b4                SINC_FILTER_DriverIRQHandler
                0x000003b4                NPU_DriverIRQHandler
                0x000003b4                GPIO41_DriverIRQHandler
                0x000003b4                SEC_HYPERVISOR_CALL_DriverIRQHandler
 *(SORT_BY_ALIGNMENT(.text*))
 *fill*         0x000003b6        0x2 ff
 .text.DbgConsole_SendDataReliable
                0x000003b8       0x54 ./utilities/debug_console/fsl_debug_console.o
                0x000003b8                DbgConsole_SendDataReliable
 .text.DbgConsole_Vprintf
                0x0000040c       0x68 ./utilities/debug_console/fsl_debug_console.o
                0x0000040c                DbgConsole_Vprintf
 .text.__assertion_failed
                0x00000474       0x3c ./utilities/fsl_assert.o
                0x00000474                __assertion_failed
 .text.main     0x000004b0       0x30 ./source/MCXN947_Led_Blink_Board_Template.o
                0x000004b0                main
 .text.CLOCK_IsPLL0Locked
                0x000004e0       0x28 ./drivers/fsl_clock.o
 .text.CLOCK_SetupFROHFClocking
                0x00000508       0x9c ./drivers/fsl_clock.o
                0x00000508                CLOCK_SetupFROHFClocking
 .text.CLOCK_SetPll0MonitorMode
                0x000005a4       0x38 ./drivers/fsl_clock.o
                0x000005a4                CLOCK_SetPll0MonitorMode
 .text.CLOCK_AttachClk
                0x000005dc       0xb0 ./drivers/fsl_clock.o
                0x000005dc                CLOCK_AttachClk
 .text.CLOCK_SetClkDiv
                0x0000068c       0x54 ./drivers/fsl_clock.o
                0x0000068c                CLOCK_SetClkDiv
 .text.CLOCK_GetPLL0InClockRate
                0x000006e0       0x5c ./drivers/fsl_clock.o
                0x000006e0                CLOCK_GetPLL0InClockRate
 .text.CLOCK_SetPLL0Freq
                0x0000073c      0x10c ./drivers/fsl_clock.o
                0x0000073c                CLOCK_SetPLL0Freq
 .text.CLOCK_GetClk48MFreq
                0x00000848       0x2c ./drivers/fsl_clock.o
 .text.CLOCK_GetExtClkFreq
                0x00000874       0x2c ./drivers/fsl_clock.o
 .text.CLOCK_GetOsc32KFreq
                0x000008a0       0x4c ./drivers/fsl_clock.o
 .text.findPll0PreDiv
                0x000008ec       0x40 ./drivers/fsl_clock.o
 .text.findPll0PostDiv
                0x0000092c       0x60 ./drivers/fsl_clock.o
 .text.findPll0MMult
                0x0000098c       0xac ./drivers/fsl_clock.o
 .text.LP_FLEXCOMM_GetInterruptStatus
                0x00000a38       0x28 ./drivers/fsl_lpflexcomm.o
                0x00000a38                LP_FLEXCOMM_GetInterruptStatus
 .text.LP_FLEXCOMM_CommonIRQHandler
                0x00000a60       0xb8 ./drivers/fsl_lpflexcomm.o
 .text.LPUART_WriteBlocking
                0x00000b18       0x68 ./drivers/fsl_lpuart.o
                0x00000b18                LPUART_WriteBlocking
 .text.SPC_SetSRAMOperateVoltage
                0x00000b80       0x58 ./drivers/fsl_spc.o
                0x00000b80                SPC_SetSRAMOperateVoltage
 .text.SPC_SetActiveModeCoreLDORegulatorConfig
                0x00000bd8       0x94 ./drivers/fsl_spc.o
                0x00000bd8                SPC_SetActiveModeCoreLDORegulatorConfig
 .text.SPC_SetActiveModeDCDCRegulatorConfig
                0x00000c6c       0x68 ./drivers/fsl_spc.o
                0x00000c6c                SPC_SetActiveModeDCDCRegulatorConfig
 .text.HAL_UartSendBlocking
                0x00000cd4       0x64 ./component/uart/fsl_adapter_lpuart.o
                0x00000cd4                HAL_UartSendBlocking
 .text.BOARD_BootClockPLL150M
                0x00000d38       0xec ./board/clock_config.o
                0x00000d38                BOARD_BootClockPLL150M
 .text.PORT_SetPinConfig
                0x00000e24       0x38 ./board/pin_mux.o
 .text.BOARD_InitDEBUG_UARTPins
                0x00000e5c       0x64 ./board/pin_mux.o
                0x00000e5c                BOARD_InitDEBUG_UARTPins
 .text.malloc   0x00000ec0       0xc8 /usr/local/mcuxpressoide-25.6.136/ide/plugins/com.nxp.mcuxpresso.tools.linux_25.6.0.202501151204/tools/bin/../lib/gcc/arm-none-eabi/14.2.1/../../../../arm-none-eabi/lib/thumb/v8-m.main+fp/hard/libcr_c.a(alloc.o)
                0x00000ec0                malloc
 .text._Csys_alloc
                0x00000f88       0x20 /usr/local/mcuxpressoide-25.6.136/ide/plugins/com.nxp.mcuxpresso.tools.linux_25.6.0.202501151204/tools/bin/../lib/gcc/arm-none-eabi/14.2.1/../../../../arm-none-eabi/lib/thumb/v8-m.main+fp/hard/libcr_c.a(alloc.o)
                0x00000f88                _Csys_alloc
 .text._initio  0x00000fa8       0x78 /usr/local/mcuxpressoide-25.6.136/ide/plugins/com.nxp.mcuxpresso.tools.linux_25.6.0.202501151204/tools/bin/../lib/gcc/arm-none-eabi/14.2.1/../../../../arm-none-eabi/lib/thumb/v8-m.main+fp/hard/libcr_c.a(initio.o)
                0x00000fa8                _initio
 .text.__vfprintf
                0x00001020      0xb64 /usr/local/mcuxpressoide-25.6.136/ide/plugins/com.nxp.mcuxpresso.tools.linux_25.6.0.202501151204/tools/bin/../lib/gcc/arm-none-eabi/14.2.1/../../../../arm-none-eabi/lib/thumb/v8-m.main+fp/hard/libcr_c.a(printf.o)
                0x00001020                __vfprintf
 .text._vsnprintf
                0x00001b84       0x68 /usr/local/mcuxpressoide-25.6.136/ide/plugins/com.nxp.mcuxpresso.tools.linux_25.6.0.202501151204/tools/bin/../lib/gcc/arm-none-eabi/14.2.1/../../../../arm-none-eabi/lib/thumb/v8-m.main+fp/hard/libcr_c.a(printf.o)
                0x00001b84                _vsnprintf
 .text._printf  0x00001bec       0x54 /usr/local/mcuxpressoide-25.6.136/ide/plugins/com.nxp.mcuxpresso.tools.linux_25.6.0.202501151204/tools/bin/../lib/gcc/arm-none-eabi/14.2.1/../../../../arm-none-eabi/lib/thumb/v8-m.main+fp/hard/libcr_c.a(printf.o)
                0x00001bec                _printf
 .text._sbrk    0x00001c40       0x3c /usr/local/mcuxpressoide-25.6.136/ide/plugins/com.nxp.mcuxpresso.tools.linux_25.6.0.202501151204/tools/bin/../lib/gcc/arm-none-eabi/14.2.1/../../../../arm-none-eabi/lib/thumb/v8-m.main+fp/hard/libcr_c.a(_cr_sbrk.o)
                0x00001c40                _sbrk
 .text._Cwritebuf
                0x00001c7c       0x70 /usr/local/mcuxpressoide-25.6.136/ide/plugins/com.nxp.mcuxpresso.tools.linux_25.6.0.202501151204/tools/bin/../lib/gcc/arm-none-eabi/14.2.1/../../../../arm-none-eabi/lib/thumb/v8-m.main+fp/hard/libcr_c.a(_writebuf.o)
                0x00001c7c                _Cwritebuf
 .text.fflush   0x00001cec       0x3c /usr/local/mcuxpressoide-25.6.136/ide/plugins/com.nxp.mcuxpresso.tools.linux_25.6.0.202501151204/tools/bin/../lib/gcc/arm-none-eabi/14.2.1/../../../../arm-none-eabi/lib/thumb/v8-m.main+fp/hard/libcr_c.a(fflush.o)
                0x00001cec                fflush
 .text.fseek    0x00001d28       0xf8 /usr/local/mcuxpressoide-25.6.136/ide/plugins/com.nxp.mcuxpresso.tools.linux_25.6.0.202501151204/tools/bin/../lib/gcc/arm-none-eabi/14.2.1/../../../../arm-none-eabi/lib/thumb/v8-m.main+fp/hard/libcr_c.a(fseek.o)
                0x00001d28                fseek
 .text.ftell    0x00001e20       0x44 /usr/local/mcuxpressoide-25.6.136/ide/plugins/com.nxp.mcuxpresso.tools.linux_25.6.0.202501151204/tools/bin/../lib/gcc/arm-none-eabi/14.2.1/../../../../arm-none-eabi/lib/thumb/v8-m.main+fp/hard/libcr_c.a(ftell.o)
                0x00001e20                ftell
 .text.__check_heap_overflow
                0x00001e64       0x18 /usr/local/mcuxpressoide-25.6.136/ide/plugins/com.nxp.mcuxpresso.tools.linux_25.6.0.202501151204/tools/bin/../lib/gcc/arm-none-eabi/14.2.1/../../../../arm-none-eabi/lib/thumb/v8-m.main+fp/hard/libcr_c.a(_cr_check_heap.o)
                0x00001e64                __check_heap_overflow
 .text.PrintGetWidth
                0x00001e7c       0x6a ./utilities/str/fsl_str.o
 .text.PrintGetPrecision
                0x00001ee6       0x8c ./utilities/str/fsl_str.o
 .text.PrintIsobpu
                0x00001f72       0x38 ./utilities/str/fsl_str.o
 .text.PrintIsdi
                0x00001faa       0x2c ./utilities/str/fsl_str.o
 .text.PrintOutputdifFobpu
                0x00001fd6       0x44 ./utilities/str/fsl_str.o
 .text.PrintOutputxX
                0x0000201a       0x44 ./utilities/str/fsl_str.o
 .text.PrintIsfF
                0x0000205e       0x2c ./utilities/str/fsl_str.o
 .text.PrintIsxX
                0x0000208a       0x2c ./utilities/str/fsl_str.o
 .text.PrintFilterLengthFlag
                0x000020b6       0x3e ./utilities/str/fsl_str.o
 .text.PrintGetRadixFromobpu
                0x000020f4       0x40 ./utilities/str/fsl_str.o
 .text.ConvertRadixNumToString
                0x00002134       0xc2 ./utilities/str/fsl_str.o
 .text.StrFormatExaminedi
                0x000021f6       0x26 ./utilities/str/fsl_str.o
 .text.StrFormatExaminexX
                0x0000221c       0x26 ./utilities/str/fsl_str.o
 .text.StrFormatExamineobpu
                0x00002242       0x26 ./utilities/str/fsl_str.o
 .text.ConvertPrecisionWidthToLength
                0x00002268       0x20 ./utilities/str/fsl_str.o
 .text.StrFormatPrintf
                0x00002288      0x2bc ./utilities/str/fsl_str.o
                0x00002288                StrFormatPrintf
 .text.DbgConsole_PrintCallback
                0x00002544       0x66 ./utilities/debug_console/fsl_debug_console.o
 .text.DbgConsole_Printf
                0x000025aa       0x2c ./utilities/debug_console/fsl_debug_console.o
                0x000025aa                DbgConsole_Printf
 .text.fsl_assert_hook
                0x000025d6       0x1a ./utilities/fsl_assert.o
                0x000025d6                fsl_assert_hook
 .text.OR_IRQHandler
                0x000025f0        0x8 ./startup/startup_mcxn947_cm33_core0.o
                0x000025f0                OR_IRQHandler
 .text.EDMA_0_CH0_IRQHandler
                0x000025f8        0x8 ./startup/startup_mcxn947_cm33_core0.o
                0x000025f8                EDMA_0_CH0_IRQHandler
 .text.EDMA_0_CH1_IRQHandler
                0x00002600        0x8 ./startup/startup_mcxn947_cm33_core0.o
                0x00002600                EDMA_0_CH1_IRQHandler
 .text.EDMA_0_CH2_IRQHandler
                0x00002608        0x8 ./startup/startup_mcxn947_cm33_core0.o
                0x00002608                EDMA_0_CH2_IRQHandler
 .text.EDMA_0_CH3_IRQHandler
                0x00002610        0x8 ./startup/startup_mcxn947_cm33_core0.o
                0x00002610                EDMA_0_CH3_IRQHandler
 .text.EDMA_0_CH4_IRQHandler
                0x00002618        0x8 ./startup/startup_mcxn947_cm33_core0.o
                0x00002618                EDMA_0_CH4_IRQHandler
 .text.EDMA_0_CH5_IRQHandler
                0x00002620        0x8 ./startup/startup_mcxn947_cm33_core0.o
                0x00002620                EDMA_0_CH5_IRQHandler
 .text.EDMA_0_CH6_IRQHandler
                0x00002628        0x8 ./startup/startup_mcxn947_cm33_core0.o
                0x00002628                EDMA_0_CH6_IRQHandler
 .text.EDMA_0_CH7_IRQHandler
                0x00002630        0x8 ./startup/startup_mcxn947_cm33_core0.o
                0x00002630                EDMA_0_CH7_IRQHandler
 .text.EDMA_0_CH8_IRQHandler
                0x00002638        0x8 ./startup/startup_mcxn947_cm33_core0.o
                0x00002638                EDMA_0_CH8_IRQHandler
 .text.EDMA_0_CH9_IRQHandler
                0x00002640        0x8 ./startup/startup_mcxn947_cm33_core0.o
                0x00002640                EDMA_0_CH9_IRQHandler
 .text.EDMA_0_CH10_IRQHandler
                0x00002648        0x8 ./startup/startup_mcxn947_cm33_core0.o
                0x00002648                EDMA_0_CH10_IRQHandler
 .text.EDMA_0_CH11_IRQHandler
                0x00002650        0x8 ./startup/startup_mcxn947_cm33_core0.o
                0x00002650                EDMA_0_CH11_IRQHandler
 .text.EDMA_0_CH12_IRQHandler
                0x00002658        0x8 ./startup/startup_mcxn947_cm33_core0.o
                0x00002658                EDMA_0_CH12_IRQHandler
 .text.EDMA_0_CH13_IRQHandler
                0x00002660        0x8 ./startup/startup_mcxn947_cm33_core0.o
                0x00002660                EDMA_0_CH13_IRQHandler
 .text.EDMA_0_CH14_IRQHandler
                0x00002668        0x8 ./startup/startup_mcxn947_cm33_core0.o
                0x00002668                EDMA_0_CH14_IRQHandler
 .text.EDMA_0_CH15_IRQHandler
                0x00002670        0x8 ./startup/startup_mcxn947_cm33_core0.o
                0x00002670                EDMA_0_CH15_IRQHandler
 .text.GPIO00_IRQHandler
                0x00002678        0x8 ./startup/startup_mcxn947_cm33_core0.o
                0x00002678                GPIO00_IRQHandler
 .text.GPIO01_IRQHandler
                0x00002680        0x8 ./startup/startup_mcxn947_cm33_core0.o
                0x00002680                GPIO01_IRQHandler
 .text.GPIO10_IRQHandler
                0x00002688        0x8 ./startup/startup_mcxn947_cm33_core0.o
                0x00002688                GPIO10_IRQHandler
 .text.GPIO11_IRQHandler
                0x00002690        0x8 ./startup/startup_mcxn947_cm33_core0.o
                0x00002690                GPIO11_IRQHandler
 .text.GPIO20_IRQHandler
                0x00002698        0x8 ./startup/startup_mcxn947_cm33_core0.o
                0x00002698                GPIO20_IRQHandler
 .text.GPIO21_IRQHandler
                0x000026a0        0x8 ./startup/startup_mcxn947_cm33_core0.o
                0x000026a0                GPIO21_IRQHandler
 .text.GPIO30_IRQHandler
                0x000026a8        0x8 ./startup/startup_mcxn947_cm33_core0.o
                0x000026a8                GPIO30_IRQHandler
 .text.GPIO31_IRQHandler
                0x000026b0        0x8 ./startup/startup_mcxn947_cm33_core0.o
                0x000026b0                GPIO31_IRQHandler
 .text.GPIO40_IRQHandler
                0x000026b8        0x8 ./startup/startup_mcxn947_cm33_core0.o
                0x000026b8                GPIO40_IRQHandler
 .text.GPIO41_IRQHandler
                0x000026c0        0x8 ./startup/startup_mcxn947_cm33_core0.o
                0x000026c0                GPIO41_IRQHandler
 .text.GPIO50_IRQHandler
                0x000026c8        0x8 ./startup/startup_mcxn947_cm33_core0.o
                0x000026c8                GPIO50_IRQHandler
 .text.GPIO51_IRQHandler
                0x000026d0        0x8 ./startup/startup_mcxn947_cm33_core0.o
                0x000026d0                GPIO51_IRQHandler
 .text.UTICK0_IRQHandler
                0x000026d8        0x8 ./startup/startup_mcxn947_cm33_core0.o
                0x000026d8                UTICK0_IRQHandler
 .text.MRT0_IRQHandler
                0x000026e0        0x8 ./startup/startup_mcxn947_cm33_core0.o
                0x000026e0                MRT0_IRQHandler
 .text.CTIMER0_IRQHandler
                0x000026e8        0x8 ./startup/startup_mcxn947_cm33_core0.o
                0x000026e8                CTIMER0_IRQHandler
 .text.CTIMER1_IRQHandler
                0x000026f0        0x8 ./startup/startup_mcxn947_cm33_core0.o
                0x000026f0                CTIMER1_IRQHandler
 .text.SCT0_IRQHandler
                0x000026f8        0x8 ./startup/startup_mcxn947_cm33_core0.o
                0x000026f8                SCT0_IRQHandler
 .text.CTIMER2_IRQHandler
                0x00002700        0x8 ./startup/startup_mcxn947_cm33_core0.o
                0x00002700                CTIMER2_IRQHandler
 .text.LP_FLEXCOMM0_IRQHandler
                0x00002708        0x8 ./startup/startup_mcxn947_cm33_core0.o
                0x00002708                LP_FLEXCOMM0_IRQHandler
 .text.LP_FLEXCOMM1_IRQHandler
                0x00002710        0x8 ./startup/startup_mcxn947_cm33_core0.o
                0x00002710                LP_FLEXCOMM1_IRQHandler
 .text.LP_FLEXCOMM2_IRQHandler
                0x00002718        0x8 ./startup/startup_mcxn947_cm33_core0.o
                0x00002718                LP_FLEXCOMM2_IRQHandler
 .text.LP_FLEXCOMM3_IRQHandler
                0x00002720        0x8 ./startup/startup_mcxn947_cm33_core0.o
                0x00002720                LP_FLEXCOMM3_IRQHandler
 .text.LP_FLEXCOMM4_IRQHandler
                0x00002728        0x8 ./startup/startup_mcxn947_cm33_core0.o
                0x00002728                LP_FLEXCOMM4_IRQHandler
 .text.LP_FLEXCOMM5_IRQHandler
                0x00002730        0x8 ./startup/startup_mcxn947_cm33_core0.o
                0x00002730                LP_FLEXCOMM5_IRQHandler
 .text.LP_FLEXCOMM6_IRQHandler
                0x00002738        0x8 ./startup/startup_mcxn947_cm33_core0.o
                0x00002738                LP_FLEXCOMM6_IRQHandler
 .text.LP_FLEXCOMM7_IRQHandler
                0x00002740        0x8 ./startup/startup_mcxn947_cm33_core0.o
                0x00002740                LP_FLEXCOMM7_IRQHandler
 .text.LP_FLEXCOMM8_IRQHandler
                0x00002748        0x8 ./startup/startup_mcxn947_cm33_core0.o
                0x00002748                LP_FLEXCOMM8_IRQHandler
 .text.LP_FLEXCOMM9_IRQHandler
                0x00002750        0x8 ./startup/startup_mcxn947_cm33_core0.o
                0x00002750                LP_FLEXCOMM9_IRQHandler
 .text.ADC0_IRQHandler
                0x00002758        0x8 ./startup/startup_mcxn947_cm33_core0.o
                0x00002758                ADC0_IRQHandler
 .text.ADC1_IRQHandler
                0x00002760        0x8 ./startup/startup_mcxn947_cm33_core0.o
                0x00002760                ADC1_IRQHandler
 .text.PINT0_IRQHandler
                0x00002768        0x8 ./startup/startup_mcxn947_cm33_core0.o
                0x00002768                PINT0_IRQHandler
 .text.PDM_EVENT_IRQHandler
                0x00002770        0x8 ./startup/startup_mcxn947_cm33_core0.o
                0x00002770                PDM_EVENT_IRQHandler
 .text.Reserved65_IRQHandler
                0x00002778        0x8 ./startup/startup_mcxn947_cm33_core0.o
                0x00002778                Reserved65_IRQHandler
 .text.USB0_FS_IRQHandler
                0x00002780        0x8 ./startup/startup_mcxn947_cm33_core0.o
                0x00002780                USB0_FS_IRQHandler
 .text.USB0_DCD_IRQHandler
                0x00002788        0x8 ./startup/startup_mcxn947_cm33_core0.o
                0x00002788                USB0_DCD_IRQHandler
 .text.RTC_IRQHandler
                0x00002790        0x8 ./startup/startup_mcxn947_cm33_core0.o
                0x00002790                RTC_IRQHandler
 .text.SMARTDMA_IRQHandler
                0x00002798        0x8 ./startup/startup_mcxn947_cm33_core0.o
                0x00002798                SMARTDMA_IRQHandler
 .text.MAILBOX_IRQHandler
                0x000027a0        0x8 ./startup/startup_mcxn947_cm33_core0.o
                0x000027a0                MAILBOX_IRQHandler
 .text.CTIMER3_IRQHandler
                0x000027a8        0x8 ./startup/startup_mcxn947_cm33_core0.o
                0x000027a8                CTIMER3_IRQHandler
 .text.CTIMER4_IRQHandler
                0x000027b0        0x8 ./startup/startup_mcxn947_cm33_core0.o
                0x000027b0                CTIMER4_IRQHandler
 .text.OS_EVENT_IRQHandler
                0x000027b8        0x8 ./startup/startup_mcxn947_cm33_core0.o
                0x000027b8                OS_EVENT_IRQHandler
 .text.FLEXSPI0_IRQHandler
                0x000027c0        0x8 ./startup/startup_mcxn947_cm33_core0.o
                0x000027c0                FLEXSPI0_IRQHandler
 .text.SAI0_IRQHandler
                0x000027c8        0x8 ./startup/startup_mcxn947_cm33_core0.o
                0x000027c8                SAI0_IRQHandler
 .text.SAI1_IRQHandler
                0x000027d0        0x8 ./startup/startup_mcxn947_cm33_core0.o
                0x000027d0                SAI1_IRQHandler
 .text.USDHC0_IRQHandler
                0x000027d8        0x8 ./startup/startup_mcxn947_cm33_core0.o
                0x000027d8                USDHC0_IRQHandler
 .text.CAN0_IRQHandler
                0x000027e0        0x8 ./startup/startup_mcxn947_cm33_core0.o
                0x000027e0                CAN0_IRQHandler
 .text.CAN1_IRQHandler
                0x000027e8        0x8 ./startup/startup_mcxn947_cm33_core0.o
                0x000027e8                CAN1_IRQHandler
 .text.Reserved80_IRQHandler
                0x000027f0        0x8 ./startup/startup_mcxn947_cm33_core0.o
                0x000027f0                Reserved80_IRQHandler
 .text.Reserved81_IRQHandler
                0x000027f8        0x8 ./startup/startup_mcxn947_cm33_core0.o
                0x000027f8                Reserved81_IRQHandler
 .text.USB1_HS_PHY_IRQHandler
                0x00002800        0x8 ./startup/startup_mcxn947_cm33_core0.o
                0x00002800                USB1_HS_PHY_IRQHandler
 .text.USB1_HS_IRQHandler
                0x00002808        0x8 ./startup/startup_mcxn947_cm33_core0.o
                0x00002808                USB1_HS_IRQHandler
 .text.SEC_HYPERVISOR_CALL_IRQHandler
                0x00002810        0x8 ./startup/startup_mcxn947_cm33_core0.o
                0x00002810                SEC_HYPERVISOR_CALL_IRQHandler
 .text.Reserved85_IRQHandler
                0x00002818        0x8 ./startup/startup_mcxn947_cm33_core0.o
                0x00002818                Reserved85_IRQHandler
 .text.PLU_IRQHandler
                0x00002820        0x8 ./startup/startup_mcxn947_cm33_core0.o
                0x00002820                PLU_IRQHandler
 .text.Freqme_IRQHandler
                0x00002828        0x8 ./startup/startup_mcxn947_cm33_core0.o
                0x00002828                Freqme_IRQHandler
 .text.SEC_VIO_IRQHandler
                0x00002830        0x8 ./startup/startup_mcxn947_cm33_core0.o
                0x00002830                SEC_VIO_IRQHandler
 .text.ELS_IRQHandler
                0x00002838        0x8 ./startup/startup_mcxn947_cm33_core0.o
                0x00002838                ELS_IRQHandler
 .text.PKC_IRQHandler
                0x00002840        0x8 ./startup/startup_mcxn947_cm33_core0.o
                0x00002840                PKC_IRQHandler
 .text.PUF_IRQHandler
                0x00002848        0x8 ./startup/startup_mcxn947_cm33_core0.o
                0x00002848                PUF_IRQHandler
 .text.PQ_IRQHandler
                0x00002850        0x8 ./startup/startup_mcxn947_cm33_core0.o
                0x00002850                PQ_IRQHandler
 .text.EDMA_1_CH0_IRQHandler
                0x00002858        0x8 ./startup/startup_mcxn947_cm33_core0.o
                0x00002858                EDMA_1_CH0_IRQHandler
 .text.EDMA_1_CH1_IRQHandler
                0x00002860        0x8 ./startup/startup_mcxn947_cm33_core0.o
                0x00002860                EDMA_1_CH1_IRQHandler
 .text.EDMA_1_CH2_IRQHandler
                0x00002868        0x8 ./startup/startup_mcxn947_cm33_core0.o
                0x00002868                EDMA_1_CH2_IRQHandler
 .text.EDMA_1_CH3_IRQHandler
                0x00002870        0x8 ./startup/startup_mcxn947_cm33_core0.o
                0x00002870                EDMA_1_CH3_IRQHandler
 .text.EDMA_1_CH4_IRQHandler
                0x00002878        0x8 ./startup/startup_mcxn947_cm33_core0.o
                0x00002878                EDMA_1_CH4_IRQHandler
 .text.EDMA_1_CH5_IRQHandler
                0x00002880        0x8 ./startup/startup_mcxn947_cm33_core0.o
                0x00002880                EDMA_1_CH5_IRQHandler
 .text.EDMA_1_CH6_IRQHandler
                0x00002888        0x8 ./startup/startup_mcxn947_cm33_core0.o
                0x00002888                EDMA_1_CH6_IRQHandler
 .text.EDMA_1_CH7_IRQHandler
                0x00002890        0x8 ./startup/startup_mcxn947_cm33_core0.o
                0x00002890                EDMA_1_CH7_IRQHandler
 .text.EDMA_1_CH8_IRQHandler
                0x00002898        0x8 ./startup/startup_mcxn947_cm33_core0.o
                0x00002898                EDMA_1_CH8_IRQHandler
 .text.EDMA_1_CH9_IRQHandler
                0x000028a0        0x8 ./startup/startup_mcxn947_cm33_core0.o
                0x000028a0                EDMA_1_CH9_IRQHandler
 .text.EDMA_1_CH10_IRQHandler
                0x000028a8        0x8 ./startup/startup_mcxn947_cm33_core0.o
                0x000028a8                EDMA_1_CH10_IRQHandler
 .text.EDMA_1_CH11_IRQHandler
                0x000028b0        0x8 ./startup/startup_mcxn947_cm33_core0.o
                0x000028b0                EDMA_1_CH11_IRQHandler
 .text.EDMA_1_CH12_IRQHandler
                0x000028b8        0x8 ./startup/startup_mcxn947_cm33_core0.o
                0x000028b8                EDMA_1_CH12_IRQHandler
 .text.EDMA_1_CH13_IRQHandler
                0x000028c0        0x8 ./startup/startup_mcxn947_cm33_core0.o
                0x000028c0                EDMA_1_CH13_IRQHandler
 .text.EDMA_1_CH14_IRQHandler
                0x000028c8        0x8 ./startup/startup_mcxn947_cm33_core0.o
                0x000028c8                EDMA_1_CH14_IRQHandler
 .text.EDMA_1_CH15_IRQHandler
                0x000028d0        0x8 ./startup/startup_mcxn947_cm33_core0.o
                0x000028d0                EDMA_1_CH15_IRQHandler
 .text.CDOG0_IRQHandler
                0x000028d8        0x8 ./startup/startup_mcxn947_cm33_core0.o
                0x000028d8                CDOG0_IRQHandler
 .text.CDOG1_IRQHandler
                0x000028e0        0x8 ./startup/startup_mcxn947_cm33_core0.o
                0x000028e0                CDOG1_IRQHandler
 .text.I3C0_IRQHandler
                0x000028e8        0x8 ./startup/startup_mcxn947_cm33_core0.o
                0x000028e8                I3C0_IRQHandler
 .text.I3C1_IRQHandler
                0x000028f0        0x8 ./startup/startup_mcxn947_cm33_core0.o
                0x000028f0                I3C1_IRQHandler
 .text.NPU_IRQHandler
                0x000028f8        0x8 ./startup/startup_mcxn947_cm33_core0.o
                0x000028f8                NPU_IRQHandler
 .text.GDET_IRQHandler
                0x00002900        0x8 ./startup/startup_mcxn947_cm33_core0.o
                0x00002900                GDET_IRQHandler
 .text.VBAT0_IRQHandler
                0x00002908        0x8 ./startup/startup_mcxn947_cm33_core0.o
                0x00002908                VBAT0_IRQHandler
 .text.EWM0_IRQHandler
                0x00002910        0x8 ./startup/startup_mcxn947_cm33_core0.o
                0x00002910                EWM0_IRQHandler
 .text.TSI_END_OF_SCAN_IRQHandler
                0x00002918        0x8 ./startup/startup_mcxn947_cm33_core0.o
                0x00002918                TSI_END_OF_SCAN_IRQHandler
 .text.TSI_OUT_OF_SCAN_IRQHandler
                0x00002920        0x8 ./startup/startup_mcxn947_cm33_core0.o
                0x00002920                TSI_OUT_OF_SCAN_IRQHandler
 .text.EMVSIM0_IRQHandler
                0x00002928        0x8 ./startup/startup_mcxn947_cm33_core0.o
                0x00002928                EMVSIM0_IRQHandler
 .text.EMVSIM1_IRQHandler
                0x00002930        0x8 ./startup/startup_mcxn947_cm33_core0.o
                0x00002930                EMVSIM1_IRQHandler
 .text.FLEXIO_IRQHandler
                0x00002938        0x8 ./startup/startup_mcxn947_cm33_core0.o
                0x00002938                FLEXIO_IRQHandler
 .text.DAC0_IRQHandler
                0x00002940        0x8 ./startup/startup_mcxn947_cm33_core0.o
                0x00002940                DAC0_IRQHandler
 .text.DAC1_IRQHandler
                0x00002948        0x8 ./startup/startup_mcxn947_cm33_core0.o
                0x00002948                DAC1_IRQHandler
 .text.DAC2_IRQHandler
                0x00002950        0x8 ./startup/startup_mcxn947_cm33_core0.o
                0x00002950                DAC2_IRQHandler
 .text.HSCMP0_IRQHandler
                0x00002958        0x8 ./startup/startup_mcxn947_cm33_core0.o
                0x00002958                HSCMP0_IRQHandler
 .text.HSCMP1_IRQHandler
                0x00002960        0x8 ./startup/startup_mcxn947_cm33_core0.o
                0x00002960                HSCMP1_IRQHandler
 .text.HSCMP2_IRQHandler
                0x00002968        0x8 ./startup/startup_mcxn947_cm33_core0.o
                0x00002968                HSCMP2_IRQHandler
 .text.FLEXPWM0_RELOAD_ERROR_IRQHandler
                0x00002970        0x8 ./startup/startup_mcxn947_cm33_core0.o
                0x00002970                FLEXPWM0_RELOAD_ERROR_IRQHandler
 .text.FLEXPWM0_FAULT_IRQHandler
                0x00002978        0x8 ./startup/startup_mcxn947_cm33_core0.o
                0x00002978                FLEXPWM0_FAULT_IRQHandler
 .text.FLEXPWM0_SUBMODULE0_IRQHandler
                0x00002980        0x8 ./startup/startup_mcxn947_cm33_core0.o
                0x00002980                FLEXPWM0_SUBMODULE0_IRQHandler
 .text.FLEXPWM0_SUBMODULE1_IRQHandler
                0x00002988        0x8 ./startup/startup_mcxn947_cm33_core0.o
                0x00002988                FLEXPWM0_SUBMODULE1_IRQHandler
 .text.FLEXPWM0_SUBMODULE2_IRQHandler
                0x00002990        0x8 ./startup/startup_mcxn947_cm33_core0.o
                0x00002990                FLEXPWM0_SUBMODULE2_IRQHandler
 .text.FLEXPWM0_SUBMODULE3_IRQHandler
                0x00002998        0x8 ./startup/startup_mcxn947_cm33_core0.o
                0x00002998                FLEXPWM0_SUBMODULE3_IRQHandler
 .text.FLEXPWM1_RELOAD_ERROR_IRQHandler
                0x000029a0        0x8 ./startup/startup_mcxn947_cm33_core0.o
                0x000029a0                FLEXPWM1_RELOAD_ERROR_IRQHandler
 .text.FLEXPWM1_FAULT_IRQHandler
                0x000029a8        0x8 ./startup/startup_mcxn947_cm33_core0.o
                0x000029a8                FLEXPWM1_FAULT_IRQHandler
 .text.FLEXPWM1_SUBMODULE0_IRQHandler
                0x000029b0        0x8 ./startup/startup_mcxn947_cm33_core0.o
                0x000029b0                FLEXPWM1_SUBMODULE0_IRQHandler
 .text.FLEXPWM1_SUBMODULE1_IRQHandler
                0x000029b8        0x8 ./startup/startup_mcxn947_cm33_core0.o
                0x000029b8                FLEXPWM1_SUBMODULE1_IRQHandler
 .text.FLEXPWM1_SUBMODULE2_IRQHandler
                0x000029c0        0x8 ./startup/startup_mcxn947_cm33_core0.o
                0x000029c0                FLEXPWM1_SUBMODULE2_IRQHandler
 .text.FLEXPWM1_SUBMODULE3_IRQHandler
                0x000029c8        0x8 ./startup/startup_mcxn947_cm33_core0.o
                0x000029c8                FLEXPWM1_SUBMODULE3_IRQHandler
 .text.QDC0_COMPARE_IRQHandler
                0x000029d0        0x8 ./startup/startup_mcxn947_cm33_core0.o
                0x000029d0                QDC0_COMPARE_IRQHandler
 .text.QDC0_HOME_IRQHandler
                0x000029d8        0x8 ./startup/startup_mcxn947_cm33_core0.o
                0x000029d8                QDC0_HOME_IRQHandler
 .text.QDC0_WDG_SAB_IRQHandler
                0x000029e0        0x8 ./startup/startup_mcxn947_cm33_core0.o
                0x000029e0                QDC0_WDG_SAB_IRQHandler
 .text.QDC0_IDX_IRQHandler
                0x000029e8        0x8 ./startup/startup_mcxn947_cm33_core0.o
                0x000029e8                QDC0_IDX_IRQHandler
 .text.QDC1_COMPARE_IRQHandler
                0x000029f0        0x8 ./startup/startup_mcxn947_cm33_core0.o
                0x000029f0                QDC1_COMPARE_IRQHandler
 .text.QDC1_HOME_IRQHandler
                0x000029f8        0x8 ./startup/startup_mcxn947_cm33_core0.o
                0x000029f8                QDC1_HOME_IRQHandler
 .text.QDC1_WDG_SAB_IRQHandler
                0x00002a00        0x8 ./startup/startup_mcxn947_cm33_core0.o
                0x00002a00                QDC1_WDG_SAB_IRQHandler
 .text.QDC1_IDX_IRQHandler
                0x00002a08        0x8 ./startup/startup_mcxn947_cm33_core0.o
                0x00002a08                QDC1_IDX_IRQHandler
 .text.ITRC0_IRQHandler
                0x00002a10        0x8 ./startup/startup_mcxn947_cm33_core0.o
                0x00002a10                ITRC0_IRQHandler
 .text.BSP32_IRQHandler
                0x00002a18        0x8 ./startup/startup_mcxn947_cm33_core0.o
                0x00002a18                BSP32_IRQHandler
 .text.ELS_ERR_IRQHandler
                0x00002a20        0x8 ./startup/startup_mcxn947_cm33_core0.o
                0x00002a20                ELS_ERR_IRQHandler
 .text.PKC_ERR_IRQHandler
                0x00002a28        0x8 ./startup/startup_mcxn947_cm33_core0.o
                0x00002a28                PKC_ERR_IRQHandler
 .text.ERM_SINGLE_BIT_ERROR_IRQHandler
                0x00002a30        0x8 ./startup/startup_mcxn947_cm33_core0.o
                0x00002a30                ERM_SINGLE_BIT_ERROR_IRQHandler
 .text.ERM_MULTI_BIT_ERROR_IRQHandler
                0x00002a38        0x8 ./startup/startup_mcxn947_cm33_core0.o
                0x00002a38                ERM_MULTI_BIT_ERROR_IRQHandler
 .text.FMU0_IRQHandler
                0x00002a40        0x8 ./startup/startup_mcxn947_cm33_core0.o
                0x00002a40                FMU0_IRQHandler
 .text.ETHERNET_IRQHandler
                0x00002a48        0x8 ./startup/startup_mcxn947_cm33_core0.o
                0x00002a48                ETHERNET_IRQHandler
 .text.ETHERNET_PMT_IRQHandler
                0x00002a50        0x8 ./startup/startup_mcxn947_cm33_core0.o
                0x00002a50                ETHERNET_PMT_IRQHandler
 .text.ETHERNET_MACLP_IRQHandler
                0x00002a58        0x8 ./startup/startup_mcxn947_cm33_core0.o
                0x00002a58                ETHERNET_MACLP_IRQHandler
 .text.SINC_FILTER_IRQHandler
                0x00002a60        0x8 ./startup/startup_mcxn947_cm33_core0.o
                0x00002a60                SINC_FILTER_IRQHandler
 .text.LPTMR0_IRQHandler
                0x00002a68        0x8 ./startup/startup_mcxn947_cm33_core0.o
                0x00002a68                LPTMR0_IRQHandler
 .text.LPTMR1_IRQHandler
                0x00002a70        0x8 ./startup/startup_mcxn947_cm33_core0.o
                0x00002a70                LPTMR1_IRQHandler
 .text.SCG_IRQHandler
                0x00002a78        0x8 ./startup/startup_mcxn947_cm33_core0.o
                0x00002a78                SCG_IRQHandler
 .text.SPC_IRQHandler
                0x00002a80        0x8 ./startup/startup_mcxn947_cm33_core0.o
                0x00002a80                SPC_IRQHandler
 .text.WUU_IRQHandler
                0x00002a88        0x8 ./startup/startup_mcxn947_cm33_core0.o
                0x00002a88                WUU_IRQHandler
 .text.PORT_EFT_IRQHandler
                0x00002a90        0x8 ./startup/startup_mcxn947_cm33_core0.o
                0x00002a90                PORT_EFT_IRQHandler
 .text.ETB0_IRQHandler
                0x00002a98        0x8 ./startup/startup_mcxn947_cm33_core0.o
                0x00002a98                ETB0_IRQHandler
 .text.Reserved166_IRQHandler
                0x00002aa0        0x8 ./startup/startup_mcxn947_cm33_core0.o
                0x00002aa0                Reserved166_IRQHandler
 .text.Reserved167_IRQHandler
                0x00002aa8        0x8 ./startup/startup_mcxn947_cm33_core0.o
                0x00002aa8                Reserved167_IRQHandler
 .text.WWDT0_IRQHandler
                0x00002ab0        0x8 ./startup/startup_mcxn947_cm33_core0.o
                0x00002ab0                WWDT0_IRQHandler
 .text.WWDT1_IRQHandler
                0x00002ab8        0x8 ./startup/startup_mcxn947_cm33_core0.o
                0x00002ab8                WWDT1_IRQHandler
 .text.CMC0_IRQHandler
                0x00002ac0        0x8 ./startup/startup_mcxn947_cm33_core0.o
                0x00002ac0                CMC0_IRQHandler
 .text.CTI0_IRQHandler
                0x00002ac8        0x8 ./startup/startup_mcxn947_cm33_core0.o
                0x00002ac8                CTI0_IRQHandler
 .text.HardFault_Handler
                0x00002ad0       0x36 ./source/semihost_hardfault.o
                0x00002ad0                HardFault_Handler
 .text.CLOCK_GetPll0OutFreq
                0x00002b06       0x88 ./drivers/fsl_clock.o
                0x00002b06                CLOCK_GetPll0OutFreq
 .text.LP_FLEXCOMM0_DriverIRQHandler
                0x00002b8e        0xe ./drivers/fsl_lpflexcomm.o
                0x00002b8e                LP_FLEXCOMM0_DriverIRQHandler
 .text.LP_FLEXCOMM1_DriverIRQHandler
                0x00002b9c        0xe ./drivers/fsl_lpflexcomm.o
                0x00002b9c                LP_FLEXCOMM1_DriverIRQHandler
 .text.LP_FLEXCOMM2_DriverIRQHandler
                0x00002baa        0xe ./drivers/fsl_lpflexcomm.o
                0x00002baa                LP_FLEXCOMM2_DriverIRQHandler
 .text.LP_FLEXCOMM3_DriverIRQHandler
                0x00002bb8        0xe ./drivers/fsl_lpflexcomm.o
                0x00002bb8                LP_FLEXCOMM3_DriverIRQHandler
 .text.LP_FLEXCOMM4_DriverIRQHandler
                0x00002bc6        0xe ./drivers/fsl_lpflexcomm.o
                0x00002bc6                LP_FLEXCOMM4_DriverIRQHandler
 .text.LP_FLEXCOMM5_DriverIRQHandler
                0x00002bd4        0xe ./drivers/fsl_lpflexcomm.o
                0x00002bd4                LP_FLEXCOMM5_DriverIRQHandler
 .text.LP_FLEXCOMM6_DriverIRQHandler
                0x00002be2        0xe ./drivers/fsl_lpflexcomm.o
                0x00002be2                LP_FLEXCOMM6_DriverIRQHandler
 .text.LP_FLEXCOMM7_DriverIRQHandler
                0x00002bf0        0xe ./drivers/fsl_lpflexcomm.o
                0x00002bf0                LP_FLEXCOMM7_DriverIRQHandler
 .text.LP_FLEXCOMM8_DriverIRQHandler
                0x00002bfe        0xe ./drivers/fsl_lpflexcomm.o
                0x00002bfe                LP_FLEXCOMM8_DriverIRQHandler
 .text.LP_FLEXCOMM9_DriverIRQHandler
                0x00002c0c        0xe ./drivers/fsl_lpflexcomm.o
                0x00002c0c                LP_FLEXCOMM9_DriverIRQHandler
 .text.SPC_GetActiveModeBandgapMode
                0x00002c1a       0x22 ./drivers/fsl_spc.o
 .text.SPC_GetActiveModeVoltageDetectStatus
                0x00002c3c       0x22 ./drivers/fsl_spc.o
 .text.SPC_GetActiveModeCoreLDOVDDVoltageLevel
                0x00002c5e       0x22 ./drivers/fsl_spc.o
 .text.SPC_GetActiveModeCoreLDODriveStrength
                0x00002c80       0x22 ./drivers/fsl_spc.o
 .text.SPC_SetActiveModeDCDCRegulatorVoltageLevel
                0x00002ca2       0x32 ./drivers/fsl_spc.o
 .text.SPC_SetActiveModeCoreLDORegulatorVoltageLevel
                0x00002cd4       0x60 ./drivers/fsl_spc.o
                0x00002cd4                SPC_SetActiveModeCoreLDORegulatorVoltageLevel
 .text.SPC_SetActiveModeCoreLDORegulatorDriveStrength
                0x00002d34       0x5e ./drivers/fsl_spc.o
                0x00002d34                SPC_SetActiveModeCoreLDORegulatorDriveStrength
 .text.SPC_SetActiveModeDCDCRegulatorDriveStrength
                0x00002d92       0x48 ./drivers/fsl_spc.o
                0x00002d92                SPC_SetActiveModeDCDCRegulatorDriveStrength
 .text.SerialManager_StartWriting
                0x00002dda       0x38 ./component/serial_manager/fsl_component_serial_manager.o
 .text.SerialManager_Write
                0x00002e12       0x44 ./component/serial_manager/fsl_component_serial_manager.o
 .text.SerialManager_WriteBlocking
                0x00002e56       0x20 ./component/serial_manager/fsl_component_serial_manager.o
                0x00002e56                SerialManager_WriteBlocking
 .text.Serial_UartWrite
                0x00002e76       0x38 ./component/serial_manager/fsl_component_serial_port_uart.o
                0x00002e76                Serial_UartWrite
 .text.CLOCK_EnableClock
                0x00002eae       0x94 ./board/clock_config.o
 .text.BOARD_InitBootClocks
                0x00002f42        0xc ./board/clock_config.o
                0x00002f42                BOARD_InitBootClocks
 .text.BOARD_InitBootPeripherals
                0x00002f4e        0xe ./board/peripherals.o
                0x00002f4e                BOARD_InitBootPeripherals
 .text.CLOCK_EnableClock
                0x00002f5c       0x94 ./board/pin_mux.o
 .text.BOARD_InitBootPins
                0x00002ff0        0xc ./board/pin_mux.o
                0x00002ff0                BOARD_InitBootPins
 .text.__main   0x00002ffc        0xe /usr/local/mcuxpressoide-25.6.136/ide/plugins/com.nxp.mcuxpresso.tools.linux_25.6.0.202501151204/tools/bin/../lib/gcc/arm-none-eabi/14.2.1/../../../../arm-none-eabi/lib/thumb/v8-m.main+fp/hard/libcr_nohost_nf.a(_cr__main.o)
                0x00002ffc                __main
 .text.memcpy   0x0000300a        0x4 /usr/local/mcuxpressoide-25.6.136/ide/plugins/com.nxp.mcuxpresso.tools.linux_25.6.0.202501151204/tools/bin/../lib/gcc/arm-none-eabi/14.2.1/../../../../arm-none-eabi/lib/thumb/v8-m.main+fp/hard/libcr_c.a(memcpy.o)
                0x0000300a                memcpy
 .text.memset   0x0000300e        0x4 /usr/local/mcuxpressoide-25.6.136/ide/plugins/com.nxp.mcuxpresso.tools.linux_25.6.0.202501151204/tools/bin/../lib/gcc/arm-none-eabi/14.2.1/../../../../arm-none-eabi/lib/thumb/v8-m.main+fp/hard/libcr_c.a(memset.o)
                0x0000300e                memset
 .text.free     0x00003012       0x30 /usr/local/mcuxpressoide-25.6.136/ide/plugins/com.nxp.mcuxpresso.tools.linux_25.6.0.202501151204/tools/bin/../lib/gcc/arm-none-eabi/14.2.1/../../../../arm-none-eabi/lib/thumb/v8-m.main+fp/hard/libcr_c.a(alloc.o)
                0x00003012                free
 .text.no_fp_display
                0x00003042        0x4 /usr/local/mcuxpressoide-25.6.136/ide/plugins/com.nxp.mcuxpresso.tools.linux_25.6.0.202501151204/tools/bin/../lib/gcc/arm-none-eabi/14.2.1/../../../../arm-none-eabi/lib/thumb/v8-m.main+fp/hard/libcr_c.a(printf.o)
 .text.setvbuf  0x00003046       0x3e /usr/local/mcuxpressoide-25.6.136/ide/plugins/com.nxp.mcuxpresso.tools.linux_25.6.0.202501151204/tools/bin/../lib/gcc/arm-none-eabi/14.2.1/../../../../arm-none-eabi/lib/thumb/v8-m.main+fp/hard/libcr_c.a(setvbuf.o)
                0x00003046                setvbuf
 .text.strlen   0x00003084       0x4e /usr/local/mcuxpressoide-25.6.136/ide/plugins/com.nxp.mcuxpresso.tools.linux_25.6.0.202501151204/tools/bin/../lib/gcc/arm-none-eabi/14.2.1/../../../../arm-none-eabi/lib/thumb/v8-m.main+fp/hard/libcr_c.a(strlen.o)
                0x00003084                strlen
 .text._deferredlazyseek
                0x000030d2       0x40 /usr/local/mcuxpressoide-25.6.136/ide/plugins/com.nxp.mcuxpresso.tools.linux_25.6.0.202501151204/tools/bin/../lib/gcc/arm-none-eabi/14.2.1/../../../../arm-none-eabi/lib/thumb/v8-m.main+fp/hard/libcr_c.a(_deferredlazyseek.o)
                0x000030d2                _deferredlazyseek
 .text.__flsbuf
                0x00003112      0x12a /usr/local/mcuxpressoide-25.6.136/ide/plugins/com.nxp.mcuxpresso.tools.linux_25.6.0.202501151204/tools/bin/../lib/gcc/arm-none-eabi/14.2.1/../../../../arm-none-eabi/lib/thumb/v8-m.main+fp/hard/libcr_c.a(_deferredlazyseek.o)
                0x00003112                __flsbuf
 .text._fdopen  0x0000323c       0x68 /usr/local/mcuxpressoide-25.6.136/ide/plugins/com.nxp.mcuxpresso.tools.linux_25.6.0.202501151204/tools/bin/../lib/gcc/arm-none-eabi/14.2.1/../../../../arm-none-eabi/lib/thumb/v8-m.main+fp/hard/libcr_c.a(_fdopen.o)
                0x0000323c                _fdopen
 .text._fflush  0x000032a4       0x52 /usr/local/mcuxpressoide-25.6.136/ide/plugins/com.nxp.mcuxpresso.tools.linux_25.6.0.202501151204/tools/bin/../lib/gcc/arm-none-eabi/14.2.1/../../../../arm-none-eabi/lib/thumb/v8-m.main+fp/hard/libcr_c.a(_fflush.o)
                0x000032a4                _fflush
 .text.fclose   0x000032f6       0x58 /usr/local/mcuxpressoide-25.6.136/ide/plugins/com.nxp.mcuxpresso.tools.linux_25.6.0.202501151204/tools/bin/../lib/gcc/arm-none-eabi/14.2.1/../../../../arm-none-eabi/lib/thumb/v8-m.main+fp/hard/libcr_c.a(fclose.o)
                0x000032f6                fclose
 .text.remove   0x0000334e       0x14 /usr/local/mcuxpressoide-25.6.136/ide/plugins/com.nxp.mcuxpresso.tools.linux_25.6.0.202501151204/tools/bin/../lib/gcc/arm-none-eabi/14.2.1/../../../../arm-none-eabi/lib/thumb/v8-m.main+fp/hard/libcr_c.a(remove.o)
                0x0000334e                remove
 .text._do_fflush
                0x00003362       0x40 /usr/local/mcuxpressoide-25.6.136/ide/plugins/com.nxp.mcuxpresso.tools.linux_25.6.0.202501151204/tools/bin/../lib/gcc/arm-none-eabi/14.2.1/../../../../arm-none-eabi/lib/thumb/v8-m.main+fp/hard/libcr_c.a(_do_fflush.o)
                0x00003362                _do_fflush
 .text.__aeabi_f2ulz
                0x000033a2       0x3e /usr/local/mcuxpressoide-25.6.136/ide/plugins/com.nxp.mcuxpresso.tools.linux_25.6.0.202501151204/tools/bin/../lib/gcc/arm-none-eabi/14.2.1/thumb/v8-m.main+fp/hard/libcr_eabihelpers.a(float.o)
                0x000033a2                __aeabi_f2ulz
 .text.__aeabi_memcpy
                0x000033e0       0x34 /usr/local/mcuxpressoide-25.6.136/ide/plugins/com.nxp.mcuxpresso.tools.linux_25.6.0.202501151204/tools/bin/../lib/gcc/arm-none-eabi/14.2.1/thumb/v8-m.main+fp/hard/libcr_eabihelpers.a(memcpy.o)
                0x000033e0                __aeabi_memcpy
                0x000033ea                __aeabi_memcpy4
                0x000033ea                __aeabi_memcpy8
 .text.__aeabi_memset_lowlevel
                0x00003414       0x32 /usr/local/mcuxpressoide-25.6.136/ide/plugins/com.nxp.mcuxpresso.tools.linux_25.6.0.202501151204/tools/bin/../lib/gcc/arm-none-eabi/14.2.1/thumb/v8-m.main+fp/hard/libcr_eabihelpers.a(memcpy.o)
                0x00003414                __aeabi_lowlevel_memset
 .text.__sys_appexit
                0x00003446        0x2 /usr/local/mcuxpressoide-25.6.136/ide/plugins/com.nxp.mcuxpresso.tools.linux_25.6.0.202501151204/tools/bin/../lib/gcc/arm-none-eabi/14.2.1/../../../../arm-none-eabi/lib/thumb/v8-m.main+fp/hard/libcr_nohost_nf.a(__sys_appexit.o)
                0x00003446                __exit
                0x00003446                __sys_appexit
 .text.__sys_close
                0x00003448        0x6 /usr/local/mcuxpressoide-25.6.136/ide/plugins/com.nxp.mcuxpresso.tools.linux_25.6.0.202501151204/tools/bin/../lib/gcc/arm-none-eabi/14.2.1/../../../../arm-none-eabi/lib/thumb/v8-m.main+fp/hard/libcr_nohost_nf.a(__sys_close.o)
                0x00003448                __sys_close
 .text.__sys_flen
                0x0000344e        0x6 /usr/local/mcuxpressoide-25.6.136/ide/plugins/com.nxp.mcuxpresso.tools.linux_25.6.0.202501151204/tools/bin/../lib/gcc/arm-none-eabi/14.2.1/../../../../arm-none-eabi/lib/thumb/v8-m.main+fp/hard/libcr_nohost_nf.a(__sys_flen.o)
                0x0000344e                __sys_flen
 .text.__sys_istty
                0x00003454        0x6 /usr/local/mcuxpressoide-25.6.136/ide/plugins/com.nxp.mcuxpresso.tools.linux_25.6.0.202501151204/tools/bin/../lib/gcc/arm-none-eabi/14.2.1/../../../../arm-none-eabi/lib/thumb/v8-m.main+fp/hard/libcr_nohost_nf.a(__sys_istty.o)
                0x00003454                __sys_istty
 .text.__sys_remove
                0x0000345a        0x6 /usr/local/mcuxpressoide-25.6.136/ide/plugins/com.nxp.mcuxpresso.tools.linux_25.6.0.202501151204/tools/bin/../lib/gcc/arm-none-eabi/14.2.1/../../../../arm-none-eabi/lib/thumb/v8-m.main+fp/hard/libcr_nohost_nf.a(__sys_remove.o)
                0x0000345a                __sys_remove
 .text.__sys_seek
                0x00003460        0x6 /usr/local/mcuxpressoide-25.6.136/ide/plugins/com.nxp.mcuxpresso.tools.linux_25.6.0.202501151204/tools/bin/../lib/gcc/arm-none-eabi/14.2.1/../../../../arm-none-eabi/lib/thumb/v8-m.main+fp/hard/libcr_nohost_nf.a(__sys_seek.o)
                0x00003460                __sys_seek
 .text.__sys_tmpnam
                0x00003466        0x6 /usr/local/mcuxpressoide-25.6.136/ide/plugins/com.nxp.mcuxpresso.tools.linux_25.6.0.202501151204/tools/bin/../lib/gcc/arm-none-eabi/14.2.1/../../../../arm-none-eabi/lib/thumb/v8-m.main+fp/hard/libcr_nohost_nf.a(__sys_tmpnam.o)
                0x00003466                __sys_tmpnam
 .text.__sys_write
                0x0000346c        0x4 /usr/local/mcuxpressoide-25.6.136/ide/plugins/com.nxp.mcuxpresso.tools.linux_25.6.0.202501151204/tools/bin/../lib/gcc/arm-none-eabi/14.2.1/../../../../arm-none-eabi/lib/thumb/v8-m.main+fp/hard/libcr_nohost_nf.a(__sys_write.o)
                0x0000346c                __sys_write
 *(SORT_BY_ALIGNMENT(.rodata) SORT_BY_ALIGNMENT(.rodata.*) SORT_BY_ALIGNMENT(.constdata) SORT_BY_ALIGNMENT(.constdata.*))
 .rodata.__assertion_failed.str1.4
                0x00003470      0x190 ./utilities/fsl_assert.o
                                 0x14 (size before relaxing)
 .rodata.main.str1.4
                0x00003600        0xe ./source/MCXN947_Led_Blink_Board_Template.o
 .rodata.s_lpflexcommBase
                0x00003600       0x28 ./drivers/fsl_lpflexcomm.o
 .rodata.LPUART_WriteBlocking.str1.4
                0x00003628       0x21 ./drivers/fsl_lpuart.o
 .rodata.SPC_SetSRAMOperateVoltage.str1.4
                0x00003628       0x1f ./drivers/fsl_spc.o
 .rodata.SPC_SetActiveModeCoreLDORegulatorConfig.str1.4
                0x00003628       0x1f ./drivers/fsl_spc.o
 .rodata.SPC_SetActiveModeDCDCRegulatorConfig.str1.4
                0x00003628       0x20 ./drivers/fsl_spc.o
 .rodata.s_LpuartAdapterBase
                0x00003628       0x28 ./component/uart/fsl_adapter_lpuart.o
 .rodata.HAL_UartSendBlocking.str1.4
                0x00003650       0x7b ./component/uart/fsl_adapter_lpuart.o
 .rodata        0x00003650        0xa ./board/clock_config.o
 .rodata.PORT_SetPinConfig.str1.4
                0x0000365a       0x6c ./board/pin_mux.o
 *fill*         0x0000365a        0x2 ff
 .rodata.__num_Ciob_streams
                0x0000365c        0x4 /usr/local/mcuxpressoide-25.6.136/ide/plugins/com.nxp.mcuxpresso.tools.linux_25.6.0.202501151204/tools/bin/../lib/gcc/arm-none-eabi/14.2.1/../../../../arm-none-eabi/lib/thumb/v8-m.main+fp/hard/libcr_nohost_nf.a(__ciob.o)
                0x0000365c                __num_Ciob_streams
 .rodata._Csys_alloc.str1.1
                0x00003660       0x53 /usr/local/mcuxpressoide-25.6.136/ide/plugins/com.nxp.mcuxpresso.tools.linux_25.6.0.202501151204/tools/bin/../lib/gcc/arm-none-eabi/14.2.1/../../../../arm-none-eabi/lib/thumb/v8-m.main+fp/hard/libcr_c.a(alloc.o)
                                 0x18 (size before relaxing)
 .rodata._initio.str1.1
                0x000036b3        0x4 /usr/local/mcuxpressoide-25.6.136/ide/plugins/com.nxp.mcuxpresso.tools.linux_25.6.0.202501151204/tools/bin/../lib/gcc/arm-none-eabi/14.2.1/../../../../arm-none-eabi/lib/thumb/v8-m.main+fp/hard/libcr_c.a(initio.o)
 .rodata.__vfprintf.str1.1
                0x000036b3       0x38 /usr/local/mcuxpressoide-25.6.136/ide/plugins/com.nxp.mcuxpresso.tools.linux_25.6.0.202501151204/tools/bin/../lib/gcc/arm-none-eabi/14.2.1/../../../../arm-none-eabi/lib/thumb/v8-m.main+fp/hard/libcr_c.a(printf.o)
                0x000036ec                        . = ALIGN (0x4)
 *fill*         0x000036b3        0x1 ff

.glue_7         0x000036b4        0x0
 .glue_7        0x000036b4        0x0 linker stubs

.glue_7t        0x000036b4        0x0
 .glue_7t       0x000036b4        0x0 linker stubs

.vfp11_veneer   0x000036b4        0x0
 .vfp11_veneer  0x000036b4        0x0 linker stubs

.v4_bx          0x000036b4        0x0
 .v4_bx         0x000036b4        0x0 linker stubs

.iplt           0x000036b4        0x0
 .iplt          0x000036b4        0x0 ./utilities/str/fsl_str.o

.rel.dyn        0x000036b4        0x0
 .rel.iplt      0x000036b4        0x0 ./utilities/str/fsl_str.o

.ARM.extab
 *(SORT_BY_ALIGNMENT(.ARM.extab*) SORT_BY_ALIGNMENT(.gnu.linkonce.armextab.*))

.ARM.exidx      0x000036b4        0x0
                0x000036b4                        __exidx_start = .
 *(SORT_BY_ALIGNMENT(.ARM.exidx*) SORT_BY_ALIGNMENT(.gnu.linkonce.armexidx.*))
                0x000036b4                        __exidx_end = .
                0x000036b4                        _etext = .

.m_usb_data
 *(SORT_BY_ALIGNMENT(m_usb_global))

.data_RAM2      0x04000000        0x0 load address 0x000036b4
 FILL mask 0xff
                [!provide]                        PROVIDE (__start_data_RAM2 = .)
                [!provide]                        PROVIDE (__start_data_SRAMX = .)
 *(SORT_BY_ALIGNMENT(.ramfunc.$RAM2))
 *(SORT_BY_ALIGNMENT(.ramfunc.$SRAMX))
 *(SORT_BY_ALIGNMENT(.data.$RAM2))
 *(SORT_BY_ALIGNMENT(.data.$SRAMX))
 *(SORT_BY_ALIGNMENT(.data.$RAM2.*))
 *(SORT_BY_ALIGNMENT(.data.$SRAMX.*))
                0x04000000                        . = ALIGN (0x4)
                [!provide]                        PROVIDE (__end_data_RAM2 = .)
                [!provide]                        PROVIDE (__end_data_SRAMX = .)

.data_RAM3      0x20060000        0x0 load address 0x000036b4
 FILL mask 0xff
                [!provide]                        PROVIDE (__start_data_RAM3 = .)
                [!provide]                        PROVIDE (__start_data_SRAMH = .)
 *(SORT_BY_ALIGNMENT(.ramfunc.$RAM3))
 *(SORT_BY_ALIGNMENT(.ramfunc.$SRAMH))
 *(SORT_BY_ALIGNMENT(.data.$RAM3))
 *(SORT_BY_ALIGNMENT(.data.$SRAMH))
 *(SORT_BY_ALIGNMENT(.data.$RAM3.*))
 *(SORT_BY_ALIGNMENT(.data.$SRAMH.*))
                0x20060000                        . = ALIGN (0x4)
                [!provide]                        PROVIDE (__end_data_RAM3 = .)
                [!provide]                        PROVIDE (__end_data_SRAMH = .)

.data_RAM4      0x400ba000        0x0 load address 0x000036b4
 FILL mask 0xff
                [!provide]                        PROVIDE (__start_data_RAM4 = .)
                [!provide]                        PROVIDE (__start_data_USB_RAM = .)
 *(SORT_BY_ALIGNMENT(.ramfunc.$RAM4))
 *(SORT_BY_ALIGNMENT(.ramfunc.$USB_RAM))
 *(SORT_BY_ALIGNMENT(.data.$RAM4))
 *(SORT_BY_ALIGNMENT(.data.$USB_RAM))
 *(SORT_BY_ALIGNMENT(.data.$RAM4.*))
 *(SORT_BY_ALIGNMENT(.data.$USB_RAM.*))
                0x400ba000                        . = ALIGN (0x4)
                [!provide]                        PROVIDE (__end_data_RAM4 = .)
                [!provide]                        PROVIDE (__end_data_USB_RAM = .)

.uninit_RESERVED
                0x20000000        0x0
                0x20000000                        _start_uninit_RESERVED = .
 *(SORT_BY_ALIGNMENT(.bss.$RESERVED*))
                0x20000000                        . = ALIGN (0x4)
                0x20000000                        _end_uninit_RESERVED = .

.data           0x20000000        0xc load address 0x000036b4
 FILL mask 0xff
                0x20000000                        _data = .
                [!provide]                        PROVIDE (__start_data_RAM = .)
                [!provide]                        PROVIDE (__start_data_SRAM = .)
 *(SORT_BY_ALIGNMENT(vtable))
 *(SORT_BY_ALIGNMENT(.ramfunc*))
 *(SORT_BY_ALIGNMENT(CodeQuickAccess))
 *(SORT_BY_ALIGNMENT(DataQuickAccess))
 *(SORT_BY_ALIGNMENT(RamFunction))
 *(SORT_BY_ALIGNMENT(.data*))
 .data.s_Ext_Clk_Freq
                0x20000000        0x4 ./drivers/fsl_clock.o
 .data.s_Xtal32_Freq
                0x20000004        0x4 ./drivers/fsl_clock.o
 .data.SystemCoreClock
                0x20000008        0x4 ./device/system_MCXN947_cm33_core0.o
                0x20000008                SystemCoreClock
                0x2000000c                        . = ALIGN (0x4)
                0x2000000c                        _edata = .
                [!provide]                        PROVIDE (__end_data_RAM = .)
                [!provide]                        PROVIDE (__end_data_SRAM = .)

.igot.plt       0x2000000c        0x0 load address 0x000036c0
 .igot.plt      0x2000000c        0x0 ./utilities/str/fsl_str.o

.bss_RAM2       0x04000000        0x0
                [!provide]                        PROVIDE (__start_bss_RAM2 = .)
                [!provide]                        PROVIDE (__start_bss_SRAMX = .)
 *(SORT_BY_ALIGNMENT(.bss.$RAM2))
 *(SORT_BY_ALIGNMENT(.bss.$SRAMX))
 *(SORT_BY_ALIGNMENT(.bss.$RAM2.*))
 *(SORT_BY_ALIGNMENT(.bss.$SRAMX.*))
                0x04000000                        . = ALIGN ((. != 0x0)?0x4:0x1)
                [!provide]                        PROVIDE (__end_bss_RAM2 = .)
                [!provide]                        PROVIDE (__end_bss_SRAMX = .)

.bss_RAM3       0x20060000        0x0
                [!provide]                        PROVIDE (__start_bss_RAM3 = .)
                [!provide]                        PROVIDE (__start_bss_SRAMH = .)
 *(SORT_BY_ALIGNMENT(.bss.$RAM3))
 *(SORT_BY_ALIGNMENT(.bss.$SRAMH))
 *(SORT_BY_ALIGNMENT(.bss.$RAM3.*))
 *(SORT_BY_ALIGNMENT(.bss.$SRAMH.*))
                0x20060000                        . = ALIGN ((. != 0x0)?0x4:0x1)
                [!provide]                        PROVIDE (__end_bss_RAM3 = .)
                [!provide]                        PROVIDE (__end_bss_SRAMH = .)

.bss_RAM4       0x400ba000        0x0
                [!provide]                        PROVIDE (__start_bss_RAM4 = .)
                [!provide]                        PROVIDE (__start_bss_USB_RAM = .)
 *(SORT_BY_ALIGNMENT(.bss.$RAM4))
 *(SORT_BY_ALIGNMENT(.bss.$USB_RAM))
 *(SORT_BY_ALIGNMENT(.bss.$RAM4.*))
 *(SORT_BY_ALIGNMENT(.bss.$USB_RAM.*))
                0x400ba000                        . = ALIGN ((. != 0x0)?0x4:0x1)
                [!provide]                        PROVIDE (__end_bss_RAM4 = .)
                [!provide]                        PROVIDE (__end_bss_USB_RAM = .)

.bss            0x2000000c      0x228
                0x2000000c                        _bss = .
                [!provide]                        PROVIDE (__start_bss_RAM = .)
                [!provide]                        PROVIDE (__start_bss_SRAM = .)
 *(SORT_BY_ALIGNMENT(.bss*))
 .bss.s_debugConsoleState
                0x2000000c       0x20 ./utilities/debug_console/fsl_debug_console.o
 .bss.g_serialHandle
                0x2000002c        0x4 ./utilities/debug_console/fsl_debug_console.o
                0x2000002c                g_serialHandle
 .bss.i.0       0x20000030        0x4 ./source/MCXN947_Led_Blink_Board_Template.o
 .bss.s_lpflexcommIrqHandler
                0x20000034       0xa0 ./drivers/fsl_lpflexcomm.o
 .bss.s_lpflexcommHandle
                0x200000d4       0xa0 ./drivers/fsl_lpflexcomm.o
 .bss.errno     0x20000174        0x4 /usr/local/mcuxpressoide-25.6.136/ide/plugins/com.nxp.mcuxpresso.tools.linux_25.6.0.202501151204/tools/bin/../lib/gcc/arm-none-eabi/14.2.1/../../../../arm-none-eabi/lib/thumb/v8-m.main+fp/hard/libcr_c.a(errno.o)
                0x20000174                errno
 .bss.__end_of_heap
                0x20000178        0x4 /usr/local/mcuxpressoide-25.6.136/ide/plugins/com.nxp.mcuxpresso.tools.linux_25.6.0.202501151204/tools/bin/../lib/gcc/arm-none-eabi/14.2.1/../../../../arm-none-eabi/lib/thumb/v8-m.main+fp/hard/libcr_c.a(__init_alloc.o)
                0x20000178                __end_of_heap
 .bss.__heaps   0x2000017c        0x4 /usr/local/mcuxpressoide-25.6.136/ide/plugins/com.nxp.mcuxpresso.tools.linux_25.6.0.202501151204/tools/bin/../lib/gcc/arm-none-eabi/14.2.1/../../../../arm-none-eabi/lib/thumb/v8-m.main+fp/hard/libcr_c.a(__init_alloc.o)
                0x2000017c                __heaps
 .bss.__Ciob    0x20000180       0xb4 /usr/local/mcuxpressoide-25.6.136/ide/plugins/com.nxp.mcuxpresso.tools.linux_25.6.0.202501151204/tools/bin/../lib/gcc/arm-none-eabi/14.2.1/../../../../arm-none-eabi/lib/thumb/v8-m.main+fp/hard/libcr_nohost_nf.a(__ciob.o)
                0x20000180                __Ciob
 *(SORT_BY_ALIGNMENT(COMMON))
                0x20000234                        . = ALIGN (0x4)
                0x20000234                        _ebss = .
                [!provide]                        PROVIDE (__end_bss_RAM = .)
                [!provide]                        PROVIDE (__end_bss_SRAM = .)
                [!provide]                        PROVIDE (end = .)

.noinit_RAM2    0x04000000        0x0
                [!provide]                        PROVIDE (__start_noinit_RAM2 = .)
                [!provide]                        PROVIDE (__start_noinit_SRAMX = .)
 *(SORT_BY_ALIGNMENT(.noinit.$RAM2))
 *(SORT_BY_ALIGNMENT(.noinit.$SRAMX))
 *(SORT_BY_ALIGNMENT(.noinit.$RAM2.*))
 *(SORT_BY_ALIGNMENT(.noinit.$SRAMX.*))
                0x04000000                        . = ALIGN (0x4)
                [!provide]                        PROVIDE (__end_noinit_RAM2 = .)
                [!provide]                        PROVIDE (__end_noinit_SRAMX = .)

.noinit_RAM3    0x20060000        0x0
                [!provide]                        PROVIDE (__start_noinit_RAM3 = .)
                [!provide]                        PROVIDE (__start_noinit_SRAMH = .)
 *(SORT_BY_ALIGNMENT(.noinit.$RAM3))
 *(SORT_BY_ALIGNMENT(.noinit.$SRAMH))
 *(SORT_BY_ALIGNMENT(.noinit.$RAM3.*))
 *(SORT_BY_ALIGNMENT(.noinit.$SRAMH.*))
                0x20060000                        . = ALIGN (0x4)
                [!provide]                        PROVIDE (__end_noinit_RAM3 = .)
                [!provide]                        PROVIDE (__end_noinit_SRAMH = .)

.noinit_RAM4    0x400ba000        0x0
                [!provide]                        PROVIDE (__start_noinit_RAM4 = .)
                [!provide]                        PROVIDE (__start_noinit_USB_RAM = .)
 *(SORT_BY_ALIGNMENT(.noinit.$RAM4))
 *(SORT_BY_ALIGNMENT(.noinit.$USB_RAM))
 *(SORT_BY_ALIGNMENT(.noinit.$RAM4.*))
 *(SORT_BY_ALIGNMENT(.noinit.$USB_RAM.*))
                0x400ba000                        . = ALIGN (0x4)
                [!provide]                        PROVIDE (__end_noinit_RAM4 = .)
                [!provide]                        PROVIDE (__end_noinit_USB_RAM = .)

.noinit         0x20000234        0x0
                0x20000234                        _noinit = .
                [!provide]                        PROVIDE (__start_noinit_RAM = .)
                [!provide]                        PROVIDE (__start_noinit_SRAM = .)
 *(SORT_BY_ALIGNMENT(.noinit*))
                0x20000234                        . = ALIGN (0x4)
                0x20000234                        _end_noinit = .
                [!provide]                        PROVIDE (__end_noinit_RAM = .)
                [!provide]                        PROVIDE (__end_noinit_SRAM = .)
                0x00001000                        _HeapSize = 0x1000

.heap           0x20000234     0x1000
                0x20000234                        _pvHeapStart = .
                0x20001234                        . = (. + _HeapSize)
 *fill*         0x20000234     0x1000 
                0x20001234                        . = ALIGN (0x4)
                0x20001234                        _pvHeapLimit = .
                0x00001000                        _StackSize = 0x1000

.heap2stackfill
                0x20001234     0x1000
                0x20002234                        . = (. + _StackSize)
 *fill*         0x20001234     0x1000 

.stack          0x2005f000        0x0
                0x2005f000                        _vStackBase = .
                0x2005f000                        . = ALIGN (0x4)
                0x20060000                        _vStackTop = (. + _StackSize)
                0x00000000                        _image_start = LOADADDR (.text)
                0x000036c0                        _image_end = (LOADADDR (.data) + SIZEOF (.data))
                0x000036c0                        _image_size = (_image_end - _image_start)
OUTPUT(MCXN947_Led_Blink_Board_Template.axf elf32-littlearm)
LOAD linker stubs

.debug_info     0x00000000    0x1c349
 .debug_info    0x00000000      0xd5d ./utilities/str/fsl_str.o
 .debug_info    0x00000d5d      0xe57 ./utilities/debug_console/fsl_debug_console.o
 .debug_info    0x00001bb4      0x1c9 ./utilities/fsl_assert.o
 .debug_info    0x00001d7d     0x14b7 ./startup/startup_mcxn947_cm33_core0.o
 .debug_info    0x00003234       0xeb ./source/MCXN947_Led_Blink_Board_Template.o
 .debug_info    0x0000331f       0x3c ./source/semihost_hardfault.o
 .debug_info    0x0000335b     0x5211 ./drivers/fsl_clock.o
 .debug_info    0x0000856c     0x238b ./drivers/fsl_lpflexcomm.o
 .debug_info    0x0000a8f7     0x241e ./drivers/fsl_lpuart.o
 .debug_info    0x0000cd15     0x1a73 ./drivers/fsl_spc.o
 .debug_info    0x0000e788     0x1970 ./device/system_MCXN947_cm33_core0.o
 .debug_info    0x000100f8      0xe77 ./component/uart/fsl_adapter_lpuart.o
 .debug_info    0x00010f6f      0xdcb ./component/serial_manager/fsl_component_serial_manager.o
 .debug_info    0x00011d3a      0x551 ./component/serial_manager/fsl_component_serial_port_uart.o
 .debug_info    0x0001228b     0x2b30 ./board/clock_config.o
 .debug_info    0x00014dbb       0x3c ./board/peripherals.o
 .debug_info    0x00014df7     0x1a52 ./board/pin_mux.o
 .debug_info    0x00016849       0x85 /usr/local/mcuxpressoide-25.6.136/ide/plugins/com.nxp.mcuxpresso.tools.linux_25.6.0.202501151204/tools/bin/../lib/gcc/arm-none-eabi/14.2.1/../../../../arm-none-eabi/lib/thumb/v8-m.main+fp/hard/libcr_nohost_nf.a(_cr__main.o)
 .debug_info    0x000168ce      0x12b /usr/local/mcuxpressoide-25.6.136/ide/plugins/com.nxp.mcuxpresso.tools.linux_25.6.0.202501151204/tools/bin/../lib/gcc/arm-none-eabi/14.2.1/../../../../arm-none-eabi/lib/thumb/v8-m.main+fp/hard/libcr_c.a(memcpy.o)
 .debug_info    0x000169f9       0xfc /usr/local/mcuxpressoide-25.6.136/ide/plugins/com.nxp.mcuxpresso.tools.linux_25.6.0.202501151204/tools/bin/../lib/gcc/arm-none-eabi/14.2.1/../../../../arm-none-eabi/lib/thumb/v8-m.main+fp/hard/libcr_c.a(memset.o)
 .debug_info    0x00016af5      0x520 /usr/local/mcuxpressoide-25.6.136/ide/plugins/com.nxp.mcuxpresso.tools.linux_25.6.0.202501151204/tools/bin/../lib/gcc/arm-none-eabi/14.2.1/../../../../arm-none-eabi/lib/thumb/v8-m.main+fp/hard/libcr_c.a(alloc.o)
 .debug_info    0x00017015       0x44 /usr/local/mcuxpressoide-25.6.136/ide/plugins/com.nxp.mcuxpresso.tools.linux_25.6.0.202501151204/tools/bin/../lib/gcc/arm-none-eabi/14.2.1/../../../../arm-none-eabi/lib/thumb/v8-m.main+fp/hard/libcr_c.a(errno.o)
 .debug_info    0x00017059      0x339 /usr/local/mcuxpressoide-25.6.136/ide/plugins/com.nxp.mcuxpresso.tools.linux_25.6.0.202501151204/tools/bin/../lib/gcc/arm-none-eabi/14.2.1/../../../../arm-none-eabi/lib/thumb/v8-m.main+fp/hard/libcr_c.a(initio.o)
 .debug_info    0x00017392     0x129a /usr/local/mcuxpressoide-25.6.136/ide/plugins/com.nxp.mcuxpresso.tools.linux_25.6.0.202501151204/tools/bin/../lib/gcc/arm-none-eabi/14.2.1/../../../../arm-none-eabi/lib/thumb/v8-m.main+fp/hard/libcr_c.a(printf.o)
 .debug_info    0x0001862c      0x1fd /usr/local/mcuxpressoide-25.6.136/ide/plugins/com.nxp.mcuxpresso.tools.linux_25.6.0.202501151204/tools/bin/../lib/gcc/arm-none-eabi/14.2.1/../../../../arm-none-eabi/lib/thumb/v8-m.main+fp/hard/libcr_c.a(setvbuf.o)
 .debug_info    0x00018829       0xe1 /usr/local/mcuxpressoide-25.6.136/ide/plugins/com.nxp.mcuxpresso.tools.linux_25.6.0.202501151204/tools/bin/../lib/gcc/arm-none-eabi/14.2.1/../../../../arm-none-eabi/lib/thumb/v8-m.main+fp/hard/libcr_c.a(strlen.o)
 .debug_info    0x0001890a       0xd4 /usr/local/mcuxpressoide-25.6.136/ide/plugins/com.nxp.mcuxpresso.tools.linux_25.6.0.202501151204/tools/bin/../lib/gcc/arm-none-eabi/14.2.1/../../../../arm-none-eabi/lib/thumb/v8-m.main+fp/hard/libcr_c.a(__init_alloc.o)
 .debug_info    0x000189de      0x107 /usr/local/mcuxpressoide-25.6.136/ide/plugins/com.nxp.mcuxpresso.tools.linux_25.6.0.202501151204/tools/bin/../lib/gcc/arm-none-eabi/14.2.1/../../../../arm-none-eabi/lib/thumb/v8-m.main+fp/hard/libcr_c.a(_cr_sbrk.o)
 .debug_info    0x00018ae5      0x396 /usr/local/mcuxpressoide-25.6.136/ide/plugins/com.nxp.mcuxpresso.tools.linux_25.6.0.202501151204/tools/bin/../lib/gcc/arm-none-eabi/14.2.1/../../../../arm-none-eabi/lib/thumb/v8-m.main+fp/hard/libcr_c.a(_deferredlazyseek.o)
 .debug_info    0x00018e7b      0x24b /usr/local/mcuxpressoide-25.6.136/ide/plugins/com.nxp.mcuxpresso.tools.linux_25.6.0.202501151204/tools/bin/../lib/gcc/arm-none-eabi/14.2.1/../../../../arm-none-eabi/lib/thumb/v8-m.main+fp/hard/libcr_c.a(_fdopen.o)
 .debug_info    0x000190c6      0x1e3 /usr/local/mcuxpressoide-25.6.136/ide/plugins/com.nxp.mcuxpresso.tools.linux_25.6.0.202501151204/tools/bin/../lib/gcc/arm-none-eabi/14.2.1/../../../../arm-none-eabi/lib/thumb/v8-m.main+fp/hard/libcr_c.a(_fflush.o)
 .debug_info    0x000192a9      0x289 /usr/local/mcuxpressoide-25.6.136/ide/plugins/com.nxp.mcuxpresso.tools.linux_25.6.0.202501151204/tools/bin/../lib/gcc/arm-none-eabi/14.2.1/../../../../arm-none-eabi/lib/thumb/v8-m.main+fp/hard/libcr_c.a(_writebuf.o)
 .debug_info    0x00019532      0x31e /usr/local/mcuxpressoide-25.6.136/ide/plugins/com.nxp.mcuxpresso.tools.linux_25.6.0.202501151204/tools/bin/../lib/gcc/arm-none-eabi/14.2.1/../../../../arm-none-eabi/lib/thumb/v8-m.main+fp/hard/libcr_c.a(fclose.o)
 .debug_info    0x00019850      0x209 /usr/local/mcuxpressoide-25.6.136/ide/plugins/com.nxp.mcuxpresso.tools.linux_25.6.0.202501151204/tools/bin/../lib/gcc/arm-none-eabi/14.2.1/../../../../arm-none-eabi/lib/thumb/v8-m.main+fp/hard/libcr_c.a(fflush.o)
 .debug_info    0x00019a59      0x276 /usr/local/mcuxpressoide-25.6.136/ide/plugins/com.nxp.mcuxpresso.tools.linux_25.6.0.202501151204/tools/bin/../lib/gcc/arm-none-eabi/14.2.1/../../../../arm-none-eabi/lib/thumb/v8-m.main+fp/hard/libcr_c.a(fseek.o)
 .debug_info    0x00019ccf      0x197 /usr/local/mcuxpressoide-25.6.136/ide/plugins/com.nxp.mcuxpresso.tools.linux_25.6.0.202501151204/tools/bin/../lib/gcc/arm-none-eabi/14.2.1/../../../../arm-none-eabi/lib/thumb/v8-m.main+fp/hard/libcr_c.a(ftell.o)
 .debug_info    0x00019e66      0x1d7 /usr/local/mcuxpressoide-25.6.136/ide/plugins/com.nxp.mcuxpresso.tools.linux_25.6.0.202501151204/tools/bin/../lib/gcc/arm-none-eabi/14.2.1/../../../../arm-none-eabi/lib/thumb/v8-m.main+fp/hard/libcr_c.a(remove.o)
 .debug_info    0x0001a03d       0x78 /usr/local/mcuxpressoide-25.6.136/ide/plugins/com.nxp.mcuxpresso.tools.linux_25.6.0.202501151204/tools/bin/../lib/gcc/arm-none-eabi/14.2.1/../../../../arm-none-eabi/lib/thumb/v8-m.main+fp/hard/libcr_c.a(_cr_check_heap.o)
 .debug_info    0x0001a0b5      0x23a /usr/local/mcuxpressoide-25.6.136/ide/plugins/com.nxp.mcuxpresso.tools.linux_25.6.0.202501151204/tools/bin/../lib/gcc/arm-none-eabi/14.2.1/../../../../arm-none-eabi/lib/thumb/v8-m.main+fp/hard/libcr_c.a(_do_fflush.o)
 .debug_info    0x0001a2ef     0x1b31 /usr/local/mcuxpressoide-25.6.136/ide/plugins/com.nxp.mcuxpresso.tools.linux_25.6.0.202501151204/tools/bin/../lib/gcc/arm-none-eabi/14.2.1/thumb/v8-m.main+fp/hard/libcr_eabihelpers.a(float.o)
 .debug_info    0x0001be20      0x18b /usr/local/mcuxpressoide-25.6.136/ide/plugins/com.nxp.mcuxpresso.tools.linux_25.6.0.202501151204/tools/bin/../lib/gcc/arm-none-eabi/14.2.1/../../../../arm-none-eabi/lib/thumb/v8-m.main+fp/hard/libcr_nohost_nf.a(__ciob.o)
 .debug_info    0x0001bfab       0x38 /usr/local/mcuxpressoide-25.6.136/ide/plugins/com.nxp.mcuxpresso.tools.linux_25.6.0.202501151204/tools/bin/../lib/gcc/arm-none-eabi/14.2.1/../../../../arm-none-eabi/lib/thumb/v8-m.main+fp/hard/libcr_nohost_nf.a(__sys_appexit.o)
 .debug_info    0x0001bfe3       0x6a /usr/local/mcuxpressoide-25.6.136/ide/plugins/com.nxp.mcuxpresso.tools.linux_25.6.0.202501151204/tools/bin/../lib/gcc/arm-none-eabi/14.2.1/../../../../arm-none-eabi/lib/thumb/v8-m.main+fp/hard/libcr_nohost_nf.a(__sys_close.o)
 .debug_info    0x0001c04d       0x6a /usr/local/mcuxpressoide-25.6.136/ide/plugins/com.nxp.mcuxpresso.tools.linux_25.6.0.202501151204/tools/bin/../lib/gcc/arm-none-eabi/14.2.1/../../../../arm-none-eabi/lib/thumb/v8-m.main+fp/hard/libcr_nohost_nf.a(__sys_flen.o)
 .debug_info    0x0001c0b7       0x6a /usr/local/mcuxpressoide-25.6.136/ide/plugins/com.nxp.mcuxpresso.tools.linux_25.6.0.202501151204/tools/bin/../lib/gcc/arm-none-eabi/14.2.1/../../../../arm-none-eabi/lib/thumb/v8-m.main+fp/hard/libcr_nohost_nf.a(__sys_istty.o)
 .debug_info    0x0001c121       0x8a /usr/local/mcuxpressoide-25.6.136/ide/plugins/com.nxp.mcuxpresso.tools.linux_25.6.0.202501151204/tools/bin/../lib/gcc/arm-none-eabi/14.2.1/../../../../arm-none-eabi/lib/thumb/v8-m.main+fp/hard/libcr_nohost_nf.a(__sys_remove.o)
 .debug_info    0x0001c1ab       0x78 /usr/local/mcuxpressoide-25.6.136/ide/plugins/com.nxp.mcuxpresso.tools.linux_25.6.0.202501151204/tools/bin/../lib/gcc/arm-none-eabi/14.2.1/../../../../arm-none-eabi/lib/thumb/v8-m.main+fp/hard/libcr_nohost_nf.a(__sys_seek.o)
 .debug_info    0x0001c223       0x93 /usr/local/mcuxpressoide-25.6.136/ide/plugins/com.nxp.mcuxpresso.tools.linux_25.6.0.202501151204/tools/bin/../lib/gcc/arm-none-eabi/14.2.1/../../../../arm-none-eabi/lib/thumb/v8-m.main+fp/hard/libcr_nohost_nf.a(__sys_tmpnam.o)
 .debug_info    0x0001c2b6       0x93 /usr/local/mcuxpressoide-25.6.136/ide/plugins/com.nxp.mcuxpresso.tools.linux_25.6.0.202501151204/tools/bin/../lib/gcc/arm-none-eabi/14.2.1/../../../../arm-none-eabi/lib/thumb/v8-m.main+fp/hard/libcr_nohost_nf.a(__sys_write.o)

.debug_abbrev   0x00000000     0x4353
 .debug_abbrev  0x00000000      0x270 ./utilities/str/fsl_str.o
 .debug_abbrev  0x00000270      0x270 ./utilities/debug_console/fsl_debug_console.o
 .debug_abbrev  0x000004e0      0x114 ./utilities/fsl_assert.o
 .debug_abbrev  0x000005f4      0x145 ./startup/startup_mcxn947_cm33_core0.o
 .debug_abbrev  0x00000739       0xa7 ./source/MCXN947_Led_Blink_Board_Template.o
 .debug_abbrev  0x000007e0       0x31 ./source/semihost_hardfault.o
 .debug_abbrev  0x00000811      0x36b ./drivers/fsl_clock.o
 .debug_abbrev  0x00000b7c      0x363 ./drivers/fsl_lpflexcomm.o
 .debug_abbrev  0x00000edf      0x468 ./drivers/fsl_lpuart.o
 .debug_abbrev  0x00001347      0x2eb ./drivers/fsl_spc.o
 .debug_abbrev  0x00001632      0x1e1 ./device/system_MCXN947_cm33_core0.o
 .debug_abbrev  0x00001813      0x238 ./component/uart/fsl_adapter_lpuart.o
 .debug_abbrev  0x00001a4b      0x2be ./component/serial_manager/fsl_component_serial_manager.o
 .debug_abbrev  0x00001d09      0x18c ./component/serial_manager/fsl_component_serial_port_uart.o
 .debug_abbrev  0x00001e95      0x263 ./board/clock_config.o
 .debug_abbrev  0x000020f8       0x31 ./board/peripherals.o
 .debug_abbrev  0x00002129      0x273 ./board/pin_mux.o
 .debug_abbrev  0x0000239c       0x70 /usr/local/mcuxpressoide-25.6.136/ide/plugins/com.nxp.mcuxpresso.tools.linux_25.6.0.202501151204/tools/bin/../lib/gcc/arm-none-eabi/14.2.1/../../../../arm-none-eabi/lib/thumb/v8-m.main+fp/hard/libcr_nohost_nf.a(_cr__main.o)
 .debug_abbrev  0x0000240c       0xb6 /usr/local/mcuxpressoide-25.6.136/ide/plugins/com.nxp.mcuxpresso.tools.linux_25.6.0.202501151204/tools/bin/../lib/gcc/arm-none-eabi/14.2.1/../../../../arm-none-eabi/lib/thumb/v8-m.main+fp/hard/libcr_c.a(memcpy.o)
 .debug_abbrev  0x000024c2       0xa8 /usr/local/mcuxpressoide-25.6.136/ide/plugins/com.nxp.mcuxpresso.tools.linux_25.6.0.202501151204/tools/bin/../lib/gcc/arm-none-eabi/14.2.1/../../../../arm-none-eabi/lib/thumb/v8-m.main+fp/hard/libcr_c.a(memset.o)
 .debug_abbrev  0x0000256a      0x284 /usr/local/mcuxpressoide-25.6.136/ide/plugins/com.nxp.mcuxpresso.tools.linux_25.6.0.202501151204/tools/bin/../lib/gcc/arm-none-eabi/14.2.1/../../../../arm-none-eabi/lib/thumb/v8-m.main+fp/hard/libcr_c.a(alloc.o)
 .debug_abbrev  0x000027ee       0x44 /usr/local/mcuxpressoide-25.6.136/ide/plugins/com.nxp.mcuxpresso.tools.linux_25.6.0.202501151204/tools/bin/../lib/gcc/arm-none-eabi/14.2.1/../../../../arm-none-eabi/lib/thumb/v8-m.main+fp/hard/libcr_c.a(errno.o)
 .debug_abbrev  0x00002832      0x169 /usr/local/mcuxpressoide-25.6.136/ide/plugins/com.nxp.mcuxpresso.tools.linux_25.6.0.202501151204/tools/bin/../lib/gcc/arm-none-eabi/14.2.1/../../../../arm-none-eabi/lib/thumb/v8-m.main+fp/hard/libcr_c.a(initio.o)
 .debug_abbrev  0x0000299b      0x3c7 /usr/local/mcuxpressoide-25.6.136/ide/plugins/com.nxp.mcuxpresso.tools.linux_25.6.0.202501151204/tools/bin/../lib/gcc/arm-none-eabi/14.2.1/../../../../arm-none-eabi/lib/thumb/v8-m.main+fp/hard/libcr_c.a(printf.o)
 .debug_abbrev  0x00002d62       0xe1 /usr/local/mcuxpressoide-25.6.136/ide/plugins/com.nxp.mcuxpresso.tools.linux_25.6.0.202501151204/tools/bin/../lib/gcc/arm-none-eabi/14.2.1/../../../../arm-none-eabi/lib/thumb/v8-m.main+fp/hard/libcr_c.a(setvbuf.o)
 .debug_abbrev  0x00002e43       0xa7 /usr/local/mcuxpressoide-25.6.136/ide/plugins/com.nxp.mcuxpresso.tools.linux_25.6.0.202501151204/tools/bin/../lib/gcc/arm-none-eabi/14.2.1/../../../../arm-none-eabi/lib/thumb/v8-m.main+fp/hard/libcr_c.a(strlen.o)
 .debug_abbrev  0x00002eea       0xaf /usr/local/mcuxpressoide-25.6.136/ide/plugins/com.nxp.mcuxpresso.tools.linux_25.6.0.202501151204/tools/bin/../lib/gcc/arm-none-eabi/14.2.1/../../../../arm-none-eabi/lib/thumb/v8-m.main+fp/hard/libcr_c.a(__init_alloc.o)
 .debug_abbrev  0x00002f99       0xd3 /usr/local/mcuxpressoide-25.6.136/ide/plugins/com.nxp.mcuxpresso.tools.linux_25.6.0.202501151204/tools/bin/../lib/gcc/arm-none-eabi/14.2.1/../../../../arm-none-eabi/lib/thumb/v8-m.main+fp/hard/libcr_c.a(_cr_sbrk.o)
 .debug_abbrev  0x0000306c      0x18e /usr/local/mcuxpressoide-25.6.136/ide/plugins/com.nxp.mcuxpresso.tools.linux_25.6.0.202501151204/tools/bin/../lib/gcc/arm-none-eabi/14.2.1/../../../../arm-none-eabi/lib/thumb/v8-m.main+fp/hard/libcr_c.a(_deferredlazyseek.o)